Component: ARM Compiler 6.11 Tool: armlink [5d3b3900]

==============================================================================

Memory Map of the image

  Image Entry point : 0x08010589

  Load Region LR_IROM1 (Base: 0x08010400, Size: 0x00075c00, Max: 0x000efc00, ABSOLUTE, COMPRESSED[0x00075a38])

    Execution Region ER_IROM1 (Base: 0x08010400, Size: 0x000758d4, Max: 0x000efc00, ABSOLUTE)

    Base Addr    Size         Type   Attr      Idx    E Section Name        Object

    0x08010400   0x00000188   Data   RO        19876    RESET               BUILD/RHOMBIO_L476DMW1K/ARM/mbed-os/targets/TARGET_STM/TARGET_STM32L4/TARGET_STM32L476xG/device/TOOLCHAIN_ARM_STD/startup_stm32l476xx.o
    0x08010588   0x00000008   Code   RO        29678  * !!!main             C:/Keil_v5/ARM/ARMCCv611/lib\armlib\c_w.l(__main.o)
    0x08010590   0x00000034   Code   RO        30319    !!!scatter          C:/Keil_v5/ARM/ARMCCv611/lib\armlib\c_w.l(__scatter.o)
    0x080105c4   0x0000005a   Code   RO        30317    !!dczerorl2         C:/Keil_v5/ARM/ARMCCv611/lib\armlib\c_w.l(__dczerorl2.o)
    0x0801061e   0x00000002   PAD
    0x08010620   0x0000001c   Code   RO        30321    !!handler_zi        C:/Keil_v5/ARM/ARMCCv611/lib\armlib\c_w.l(__scatter_zi.o)
    0x0801063c   0x00000000   Code   RO        29528    .ARM.Collect$$_printf_percent$$00000000  C:/Keil_v5/ARM/ARMCCv611/lib\armlib\c_w.l(_printf_percent.o)
    0x0801063c   0x00000006   Code   RO        29907    .ARM.Collect$$_printf_percent$$00000001  C:/Keil_v5/ARM/ARMCCv611/lib\armlib\c_w.l(_printf_n.o)
    0x08010642   0x00000006   Code   RO        29523    .ARM.Collect$$_printf_percent$$00000002  C:/Keil_v5/ARM/ARMCCv611/lib\armlib\c_w.l(_printf_p.o)
    0x08010648   0x00000006   Code   RO        29526    .ARM.Collect$$_printf_percent$$00000003  C:/Keil_v5/ARM/ARMCCv611/lib\armlib\c_w.l(_printf_f.o)
    0x0801064e   0x00000006   Code   RO        29910    .ARM.Collect$$_printf_percent$$00000004  C:/Keil_v5/ARM/ARMCCv611/lib\armlib\c_w.l(_printf_e.o)
    0x08010654   0x00000006   Code   RO        29527    .ARM.Collect$$_printf_percent$$00000005  C:/Keil_v5/ARM/ARMCCv611/lib\armlib\c_w.l(_printf_g.o)
    0x0801065a   0x00000006   Code   RO        29911    .ARM.Collect$$_printf_percent$$00000006  C:/Keil_v5/ARM/ARMCCv611/lib\armlib\c_w.l(_printf_a.o)
    0x08010660   0x0000000a   Code   RO        29915    .ARM.Collect$$_printf_percent$$00000007  C:/Keil_v5/ARM/ARMCCv611/lib\armlib\c_w.l(_printf_ll.o)
    0x0801066a   0x00000006   Code   RO        29909    .ARM.Collect$$_printf_percent$$00000008  C:/Keil_v5/ARM/ARMCCv611/lib\armlib\c_w.l(_printf_i.o)
    0x08010670   0x00000006   Code   RO        29524    .ARM.Collect$$_printf_percent$$00000009  C:/Keil_v5/ARM/ARMCCv611/lib\armlib\c_w.l(_printf_d.o)
    0x08010676   0x00000006   Code   RO        29525    .ARM.Collect$$_printf_percent$$0000000A  C:/Keil_v5/ARM/ARMCCv611/lib\armlib\c_w.l(_printf_u.o)
    0x0801067c   0x00000006   Code   RO        29908    .ARM.Collect$$_printf_percent$$0000000B  C:/Keil_v5/ARM/ARMCCv611/lib\armlib\c_w.l(_printf_o.o)
    0x08010682   0x00000006   Code   RO        29522    .ARM.Collect$$_printf_percent$$0000000C  C:/Keil_v5/ARM/ARMCCv611/lib\armlib\c_w.l(_printf_x.o)
    0x08010688   0x00000006   Code   RO        29913    .ARM.Collect$$_printf_percent$$0000000D  C:/Keil_v5/ARM/ARMCCv611/lib\armlib\c_w.l(_printf_lli.o)
    0x0801068e   0x00000006   Code   RO        29914    .ARM.Collect$$_printf_percent$$0000000E  C:/Keil_v5/ARM/ARMCCv611/lib\armlib\c_w.l(_printf_lld.o)
    0x08010694   0x00000006   Code   RO        29529    .ARM.Collect$$_printf_percent$$0000000F  C:/Keil_v5/ARM/ARMCCv611/lib\armlib\c_w.l(_printf_llu.o)
    0x0801069a   0x00000006   Code   RO        29919    .ARM.Collect$$_printf_percent$$00000010  C:/Keil_v5/ARM/ARMCCv611/lib\armlib\c_w.l(_printf_llo.o)
    0x080106a0   0x00000006   Code   RO        29920    .ARM.Collect$$_printf_percent$$00000011  C:/Keil_v5/ARM/ARMCCv611/lib\armlib\c_w.l(_printf_llx.o)
    0x080106a6   0x0000000a   Code   RO        29916    .ARM.Collect$$_printf_percent$$00000012  C:/Keil_v5/ARM/ARMCCv611/lib\armlib\c_w.l(_printf_l.o)
    0x080106b0   0x00000006   Code   RO        29520    .ARM.Collect$$_printf_percent$$00000013  C:/Keil_v5/ARM/ARMCCv611/lib\armlib\c_w.l(_printf_c.o)
    0x080106b6   0x00000006   Code   RO        29521    .ARM.Collect$$_printf_percent$$00000014  C:/Keil_v5/ARM/ARMCCv611/lib\armlib\c_w.l(_printf_s.o)
    0x080106bc   0x00000006   Code   RO        29917    .ARM.Collect$$_printf_percent$$00000015  C:/Keil_v5/ARM/ARMCCv611/lib\armlib\c_w.l(_printf_lc.o)
    0x080106c2   0x00000006   Code   RO        29918    .ARM.Collect$$_printf_percent$$00000016  C:/Keil_v5/ARM/ARMCCv611/lib\armlib\c_w.l(_printf_ls.o)
    0x080106c8   0x00000004   Code   RO        29912    .ARM.Collect$$_printf_percent$$00000017  C:/Keil_v5/ARM/ARMCCv611/lib\armlib\c_w.l(_printf_percent_end.o)
[...]
    0x08078ba7   0x00000176   Data   RO         2015    .rodata.str1.1      BUILD/RHOMBIO_L476DMW1K/ARM/mbed-os/features/cellular/framework/AT/AT_CellularContext.o
    0x08078d1d   0x00000049   Data   RO         2140    .rodata.str1.1      BUILD/RHOMBIO_L476DMW1K/ARM/mbed-os/features/cellular/framework/AT/AT_CellularDevice.o
    0x08078d66   0x000000c8   Data   RO         2246    .rodata.str1.1      BUILD/RHOMBIO_L476DMW1K/ARM/mbed-os/features/cellular/framework/AT/AT_CellularNetwork.o
    0x08078e2e   0x00000024   Data   RO         2338    .rodata.str1.1      BUILD/RHOMBIO_L476DMW1K/ARM/mbed-os/features/cellular/framework/AT/AT_CellularSMS.o
    0x08078e52   0x0000001a   Data   RO         2392    .rodata.str1.1      BUILD/RHOMBIO_L476DMW1K/ARM/mbed-os/features/cellular/framework/AT/AT_CellularStack.o
    0x08078e6c   0x00000011   Data   RO         2459    .rodata.str1.1      BUILD/RHOMBIO_L476DMW1K/ARM/mbed-os/features/cellular/framework/common/CellularUtil.o
    0x08078e7d   0x00000040   Data   RO         2518    .rodata.str1.1      BUILD/RHOMBIO_L476DMW1K/ARM/mbed-os/features/cellular/framework/device/CellularDevice.o
    0x08078ebd   0x0000012d   Data   RO         2591    .rodata.str1.1      BUILD/RHOMBIO_L476DMW1K/ARM/mbed-os/features/cellular/framework/device/CellularStateMachine.o
    0x08078fea   0x00000058   Data   RO         2779    .rodata.str1.1      BUILD/RHOMBIO_L476DMW1K/ARM/mbed-os/features/cellular/framework/targets/QUECTEL/BC95/QUECTEL_BC95_CellularContext.o
    0x08079042   0x0000008c   Data   RO         2830    .rodata.str1.1      BUILD/RHOMBIO_L476DMW1K/ARM/mbed-os/features/cellular/framework/targets/QUECTEL/BC95/QUECTEL_BC95_CellularStack.o
    0x080790ce   0x000003ee   Data   RO         3564    .rodata.str1.1      BUILD/RHOMBIO_L476DMW1K/ARM/mbed-os/features/frameworks/mbed-coap/source/sn_coap_builder.o
    0x080794bc   0x0000067a   Data   RO         3582    .rodata.str1.1      BUILD/RHOMBIO_L476DMW1K/ARM/mbed-os/features/frameworks/mbed-coap/source/sn_coap_parser.o
    0x08079b36   0x00000c5f   Data   RO         3647    .rodata.str1.1      BUILD/RHOMBIO_L476DMW1K/ARM/mbed-os/features/frameworks/mbed-coap/source/sn_coap_protocol.o
    0x0807a795   0x0000001f   Data   RO         3694    .rodata.str1.1      BUILD/RHOMBIO_L476DMW1K/ARM/mbed-os/features/frameworks/mbed-trace/source/mbed_trace.o
    0x0807a7b4   0x0000009c   Data   RO         6250    .rodata.str1.1      BUILD/RHOMBIO_L476DMW1K/ARM/mbed-os/features/mbedtls/src/cipher_wrap.o
    0x0807a850   0x0000000a   Data   RO         6446    .rodata.str1.1      BUILD/RHOMBIO_L476DMW1K/ARM/mbed-os/features/mbedtls/src/ecp.o
    0x0807a85a   0x00000438   Data   RO         6644    .rodata.str1.1      BUILD/RHOMBIO_L476DMW1K/ARM/mbed-os/features/mbedtls/src/oid.o
    0x0807ac92   0x0000000f   Data   RO         6717    .rodata.str1.1      BUILD/RHOMBIO_L476DMW1K/ARM/mbed-os/features/mbedtls/src/pk_wrap.o
    0x0807aca1   0x000001a6   Data   RO         6832    .rodata.str1.1      BUILD/RHOMBIO_L476DMW1K/ARM/mbed-os/features/mbedtls/src/ssl_ciphersuites.o
    0x0807ae47   0x00000068   Data   RO         7984    .rodata.str1.1      BUILD/RHOMBIO_L476DMW1K/ARM/mbed-os/features/nanostack/nanostack-hal-mbed-cmsis-rtos/arm_hal_interrupt.o
    0x0807aeaf   0x0000004d   Data   RO         8006    .rodata.str1.1      BUILD/RHOMBIO_L476DMW1K/ARM/mbed-os/features/nanostack/nanostack-hal-mbed-cmsis-rtos/arm_hal_timer.o
    0x0807aefc   0x00000062   Data   RO         8027    .rodata.str1.1      BUILD/RHOMBIO_L476DMW1K/ARM/mbed-os/features/nanostack/nanostack-hal-mbed-cmsis-rtos/ns_event_loop.o
    0x0807af5e   0x00000067   Data   RO         8044    .rodata.str1.1      BUILD/RHOMBIO_L476DMW1K/ARM/mbed-os/features/nanostack/nanostack-hal-mbed-cmsis-rtos/ns_event_loop_mutex.o
    0x0807afc5   0x00000049   Data   RO         8050    .rodata.str1.1      BUILD/RHOMBIO_L476DMW1K/ARM/mbed-os/features/nanostack/nanostack-hal-mbed-cmsis-rtos/ns_hal_init.o
    0x0807b00e   0x0000005a   Data   RO        15757    .rodata.str1.1      BUILD/RHOMBIO_L476DMW1K/ARM/mbed-os/features/netsocket/NetworkStack.o
    0x0807b068   0x00000039   Data   RO        15916    .rodata.str1.1      BUILD/RHOMBIO_L476DMW1K/ARM/mbed-os/features/netsocket/TCPSocket.o
    0x0807b0a1   0x0000003e   Data   RO        17354    .rodata.str1.1      BUILD/RHOMBIO_L476DMW1K/ARM/mbed-os/features/storage/blockdevice/SlicingBlockDevice.o
    0x0807b0df   0x00000032   Data   RO        17381    .rodata.str1.1      BUILD/RHOMBIO_L476DMW1K/ARM/mbed-os/features/storage/filesystem/Dir.o
    0x0807b111   0x0000002f   Data   RO        17425    .rodata.str1.1      BUILD/RHOMBIO_L476DMW1K/ARM/mbed-os/features/storage/filesystem/File.o
    0x0807b140   0x00000028   Data   RO        17763    .rodata.str1.1      BUILD/RHOMBIO_L476DMW1K/ARM/mbed-os/features/storage/filesystem/littlefs/LittleFileSystem.o
    0x0807b168   0x00000136   Data   RO        17875    .rodata.str1.1      BUILD/RHOMBIO_L476DMW1K/ARM/mbed-os/features/storage/filesystem/littlefs/littlefs/lfs.o
    0x0807b29e   0x00000020   Data   RO        18358    .rodata.str1.1      BUILD/RHOMBIO_L476DMW1K/ARM/mbed-os/hal/mbed_ticker_api.o
    0x0807b2be   0x00000153   Data   RO        18709    .rodata.str1.1      BUILD/RHOMBIO_L476DMW1K/ARM/mbed-os/platform/mbed_error.o
    0x0807b411   0x00000023   Data   RO        18757    .rodata.str1.1      BUILD/RHOMBIO_L476DMW1K/ARM/mbed-os/platform/mbed_mpu_mgmt.o
    0x0807b434   0x0000005c   Data   RO        18927    .rodata.str1.1      BUILD/RHOMBIO_L476DMW1K/ARM/mbed-os/platform/mbed_retarget.o
    0x0807b490   0x00000047   Data   RO        19016    .rodata.str1.1      BUILD/RHOMBIO_L476DMW1K/ARM/mbed-os/platform/mbed_wait_api_rtos.o
    0x0807b4d7   0x00000012   Data   RO        19092    .rodata.str1.1      BUILD/RHOMBIO_L476DMW1K/ARM/mbed-os/rtos/Mutex.o
    0x0807b4e9   0x00000138   Data   RO        19224    .rodata.str1.1      BUILD/RHOMBIO_L476DMW1K/ARM/mbed-os/rtos/TARGET_CORTEX/mbed_rtx_handlers.o
    0x0807b621   0x00000013   Data   RO        19417    .rodata.str1.1      BUILD/RHOMBIO_L476DMW1K/ARM/mbed-os/rtos/TARGET_CORTEX/rtx5/RTX/Source/rtx_lib.o
    0x0807b634   0x0000001e   Data   RO        19786    .rodata.str1.1      BUILD/RHOMBIO_L476DMW1K/ARM/mbed-os/rtos/ThisThread.o
    0x0807b652   0x0000001b   Data   RO        19844    .rodata.str1.1      BUILD/RHOMBIO_L476DMW1K/ARM/mbed-os/rtos/Thread.o
    0x0807b66d   0x0000003e   Data   RO        19886    .rodata.str1.1      BUILD/RHOMBIO_L476DMW1K/ARM/mbed-os/targets/TARGET_STM/TARGET_STM32L4/analogin_device.o
    0x0807b6ab   0x00000039   Data   RO        23105    .rodata.str1.1      BUILD/RHOMBIO_L476DMW1K/ARM/mbed-os/targets/TARGET_STM/pinmap.o
    0x0807b6e4   0x0000002a   Data   RO        23218    .rodata.str1.1      BUILD/RHOMBIO_L476DMW1K/ARM/mbed-os/targets/TARGET_STM/serial_api.o
    0x0807b70e   0x00000325   Data   RO        24378    .rodata.str1.1      BUILD/RHOMBIO_L476DMW1K/ARM/simple-mbed-cloud-client/mbed-cloud-client/factory-configurator-client/crypto-service/source/cs_der_certs.o
    0x0807ba33   0x000002ea   Data   RO        24418    .rodata.str1.1      BUILD/RHOMBIO_L476DMW1K/ARM/simple-mbed-cloud-client/mbed-cloud-client/factory-configurator-client/crypto-service/source/cs_der_keys_and_csrs.o
    0x0807bd1d   0x00000089   Data   RO        24428    .rodata.str1.1      BUILD/RHOMBIO_L476DMW1K/ARM/simple-mbed-cloud-client/mbed-cloud-client/factory-configurator-client/crypto-service/source/cs_utils.o
    0x0807bda6   0x00000274   Data   RO        24483    .rodata.str1.1      BUILD/RHOMBIO_L476DMW1K/ARM/simple-mbed-cloud-client/mbed-cloud-client/factory-configurator-client/factory-configurator-client/source/factory_configurator_client.o
    0x0807c01a   0x000000c4   Data   RO        24489    .rodata.str1.1      BUILD/RHOMBIO_L476DMW1K/ARM/simple-mbed-cloud-client/mbed-cloud-client/factory-configurator-client/factory-configurator-client/source/fcc_dev_flow.o
    0x0807c0de   0x000009df   Data   RO        24519    .rodata.str1.1      BUILD/RHOMBIO_L476DMW1K/ARM/simple-mbed-cloud-client/mbed-cloud-client/factory-configurator-client/factory-configurator-client/source/fcc_verification.o
    0x0807cabd   0x000001d5   Data   RO        24665    .rodata.str1.1      BUILD/RHOMBIO_L476DMW1K/ARM/simple-mbed-cloud-client/mbed-cloud-client/factory-configurator-client/fcc-output-info-handler/source/fcc_output_info_handler.o
    0x0807cc92   0x000001c6   Data   RO        24791    .rodata.str1.1      BUILD/RHOMBIO_L476DMW1K/ARM/simple-mbed-cloud-client/mbed-cloud-client/factory-configurator-client/key-config-manager/source/key_config_manager.o
    0x0807ce58   0x00002173   Data   RO        24848    .rodata.str1.1      BUILD/RHOMBIO_L476DMW1K/ARM/simple-mbed-cloud-client/mbed-cloud-client/factory-configurator-client/mbed-client-esfs/source/esfs.o
    0x0807efcb   0x00000041   Data   RO        24856    .rodata.str1.1      BUILD/RHOMBIO_L476DMW1K/ARM/simple-mbed-cloud-client/mbed-cloud-client/factory-configurator-client/mbed-client-esfs/source/esfs_file_name.o
    0x0807f00c   0x0000018d   Data   RO        24892    .rodata.str1.1      BUILD/RHOMBIO_L476DMW1K/ARM/simple-mbed-cloud-client/mbed-cloud-client/factory-configurator-client/mbed-client-esfs/source/sotp/sotp.o
    0x0807f199   0x00000076   Data   RO        24934    .rodata.str1.1      BUILD/RHOMBIO_L476DMW1K/ARM/simple-mbed-cloud-client/mbed-cloud-client/factory-configurator-client/mbed-trace-helper/source/mbed-trace-helper.o
    0x0807f20f   0x0000010a   Data   RO        24999    .rodata.str1.1      BUILD/RHOMBIO_L476DMW1K/ARM/simple-mbed-cloud-client/mbed-cloud-client/factory-configurator-client/storage/source/storage_common.o
    0x0807f319   0x00000aa3   Data   RO        25071    .rodata.str1.1      BUILD/RHOMBIO_L476DMW1K/ARM/simple-mbed-cloud-client/mbed-cloud-client/factory-configurator-client/storage/source/storage_esfs.o
    0x0807fdbc   0x000002de   Data   RO        25081    .rodata.str1.1      BUILD/RHOMBIO_L476DMW1K/ARM/simple-mbed-cloud-client/mbed-cloud-client/factory-configurator-client/utils/source/common_utils.o
    0x0808009a   0x00000004   Data   RO        25329    .rodata.str1.1      BUILD/RHOMBIO_L476DMW1K/ARM/simple-mbed-cloud-client/mbed-cloud-client/mbed-client-pal/Source/PAL-Impl/Modules/RTOS/pal_rtos.o
    0x0808009e   0x0000001b   Data   RO        25387    .rodata.str1.1      BUILD/RHOMBIO_L476DMW1K/ARM/simple-mbed-cloud-client/mbed-cloud-client/mbed-client-pal/Source/PAL-Impl/Modules/Storage/Flash/pal_internalFlash.o
    0x080800b9   0x00000064   Data   RO        25433    .rodata.str1.1      BUILD/RHOMBIO_L476DMW1K/ARM/simple-mbed-cloud-client/mbed-cloud-client/mbed-client-pal/Source/PAL-Impl/Modules/TLS/pal_TLS.o
    0x0808011d   0x00000139   Data   RO        25509    .rodata.str1.1      BUILD/RHOMBIO_L476DMW1K/ARM/simple-mbed-cloud-client/mbed-cloud-client/mbed-client-pal/Source/Port/Reference-Impl/Generic/DRBG/SOTP/pal_plat_drbg_sotp.o
    0x08080256   0x00000054   Data   RO        25770    .rodata.str1.1      BUILD/RHOMBIO_L476DMW1K/ARM/simple-mbed-cloud-client/mbed-cloud-client/mbed-client-pal/Source/Port/Reference-Impl/Lib_Specific/mbedTLS/TLS/pal_plat_TLS.o
    0x080802aa   0x0000009e   Data   RO        25898    .rodata.str1.1      BUILD/RHOMBIO_L476DMW1K/ARM/simple-mbed-cloud-client/mbed-cloud-client/mbed-client-pal/Source/Port/Reference-Impl/OS_Specific/mbedOS/Networking/pal_plat_network.o
    0x08080348   0x000000ff   Data   RO        25997    .rodata.str1.1      BUILD/RHOMBIO_L476DMW1K/ARM/simple-mbed-cloud-client/mbed-cloud-client/mbed-client-pal/Source/Port/Reference-Impl/OS_Specific/mbedOS/RTOS/pal_plat_rtos.o
    0x08080447   0x0000000e   Data   RO        26033    .rodata.str1.1      BUILD/RHOMBIO_L476DMW1K/ARM/simple-mbed-cloud-client/mbed-cloud-client/mbed-client-pal/Source/Port/Reference-Impl/OS_Specific/mbedOS/Storage/FileSystem/pal_plat_fileSystem.o
    0x08080455   0x000006ff   Data   RO        26209    .rodata.str1.1      BUILD/RHOMBIO_L476DMW1K/ARM/simple-mbed-cloud-client/mbed-cloud-client/mbed-client/mbed-client-c/source/sn_nsdl.o
    0x08080b54   0x000009b4   Data   RO        26317    .rodata.str1.1      BUILD/RHOMBIO_L476DMW1K/ARM/simple-mbed-cloud-client/mbed-cloud-client/mbed-client/mbed-client-classic/source/m2mconnectionhandlerpimpl.o
    0x08081508   0x00000066   Data   RO        26370    .rodata.str1.1      BUILD/RHOMBIO_L476DMW1K/ARM/simple-mbed-cloud-client/mbed-cloud-client/mbed-client/mbed-client-classic/source/m2mtimerpimpl.o
    0x0808156e   0x00000452   Data   RO        26419    .rodata.str1.1      BUILD/RHOMBIO_L476DMW1K/ARM/simple-mbed-cloud-client/mbed-cloud-client/mbed-client/mbed-client-mbed-tls/source/m2mconnectionsecuritypimpl.o
    0x080819c0   0x00000148   Data   RO        26590    .rodata.str1.1      BUILD/RHOMBIO_L476DMW1K/ARM/simple-mbed-cloud-client/mbed-cloud-client/mbed-client/source/m2mbase.o
    0x08081b08   0x00000018   Data   RO        26697    .rodata.str1.1      BUILD/RHOMBIO_L476DMW1K/ARM/simple-mbed-cloud-client/mbed-cloud-client/mbed-client/source/m2mdevice.o
    0x08081b20   0x000001a4   Data   RO        26789    .rodata.str1.1      BUILD/RHOMBIO_L476DMW1K/ARM/simple-mbed-cloud-client/mbed-cloud-client/mbed-client/source/m2minterfacefactory.o
    0x08081cc4   0x000007ae   Data   RO        26970    .rodata.str1.1      BUILD/RHOMBIO_L476DMW1K/ARM/simple-mbed-cloud-client/mbed-cloud-client/mbed-client/source/m2minterfaceimpl.o
    0x08082472   0x0000005b   Data   RO        27011    .rodata.str1.1      BUILD/RHOMBIO_L476DMW1K/ARM/simple-mbed-cloud-client/mbed-cloud-client/mbed-client/source/m2mnotificationhandler.o
    0x080824cd   0x00000e9e   Data   RO        27251    .rodata.str1.1      BUILD/RHOMBIO_L476DMW1K/ARM/simple-mbed-cloud-client/mbed-cloud-client/mbed-client/source/m2mnsdlinterface.o
    0x0808336b   0x00000191   Data   RO        27300    .rodata.str1.1      BUILD/RHOMBIO_L476DMW1K/ARM/simple-mbed-cloud-client/mbed-cloud-client/mbed-client/source/m2mobject.o
    0x080834fc   0x0000014b   Data   RO        27361    .rodata.str1.1      BUILD/RHOMBIO_L476DMW1K/ARM/simple-mbed-cloud-client/mbed-cloud-client/mbed-client/source/m2mobjectinstance.o
    0x08083647   0x000000fa   Data   RO        27437    .rodata.str1.1      BUILD/RHOMBIO_L476DMW1K/ARM/simple-mbed-cloud-client/mbed-cloud-client/mbed-client/source/m2mreporthandler.o
    0x08083741   0x000000dd   Data   RO        27512    .rodata.str1.1      BUILD/RHOMBIO_L476DMW1K/ARM/simple-mbed-cloud-client/mbed-cloud-client/mbed-client/source/m2mresource.o
    0x0808381e   0x000002cf   Data   RO        27611    .rodata.str1.1      BUILD/RHOMBIO_L476DMW1K/ARM/simple-mbed-cloud-client/mbed-cloud-client/mbed-client/source/m2mresourcebase.o
    0x08083aed   0x0000006e   Data   RO        27809    .rodata.str1.1      BUILD/RHOMBIO_L476DMW1K/ARM/simple-mbed-cloud-client/mbed-cloud-client/mbed-client/source/m2mstringbufferbase.o
    0x08083b5b   0x00000070   Data   RO        27907    .rodata.str1.1      BUILD/RHOMBIO_L476DMW1K/ARM/simple-mbed-cloud-client/mbed-cloud-client/mbed-client/source/uriqueryparser.o
    0x08083bcb   0x0000003a   Data   RO        27911    .rodata.str1.1      BUILD/RHOMBIO_L476DMW1K/ARM/simple-mbed-cloud-client/mbed-cloud-client/source/CertificateParser.o
    0x08083c05   0x0000008a   Data   RO        27941    .rodata.str1.1      BUILD/RHOMBIO_L476DMW1K/ARM/simple-mbed-cloud-client/mbed-cloud-client/source/CloudClientStorage.o
    0x08083c8f   0x0000062d   Data   RO        28048    .rodata.str1.1      BUILD/RHOMBIO_L476DMW1K/ARM/simple-mbed-cloud-client/mbed-cloud-client/source/ConnectorClient.o
    0x080842bc   0x00000103   Data   RO        28179    .rodata.str1.1      BUILD/RHOMBIO_L476DMW1K/ARM/simple-mbed-cloud-client/mbed-cloud-client/source/ServiceClient.o
    0x080843bf   0x00000005   Data   RO        28213    .rodata.str1.1      BUILD/RHOMBIO_L476DMW1K/ARM/simple-mbed-cloud-client/mbed-cloud-client/source/UpdateClient.o
    0x080843c4   0x000007b9   Data   RO        28272    .rodata.str1.1      BUILD/RHOMBIO_L476DMW1K/ARM/simple-mbed-cloud-client/mbed-cloud-client/update-client-hub/modules/common/source/arm_uc_error.o
    0x08084b7d   0x0000002d   Data   RO        28421    .rodata.str1.1      BUILD/RHOMBIO_L476DMW1K/ARM/simple-mbed-cloud-client/mbed-cloud-client/update-client-hub/modules/device-identity/source/arm_uc_device_identity_kcm.o
    0x08084baa   0x000000d2   Data   RO        28453    .rodata.str1.1      BUILD/RHOMBIO_L476DMW1K/ARM/simple-mbed-cloud-client/mbed-cloud-client/update-client-hub/modules/firmware-manager/source/arm_uc_firmware_manager.o
    0x08084c7c   0x000000fe   Data   RO        28512    .rodata.str1.1      BUILD/RHOMBIO_L476DMW1K/ARM/simple-mbed-cloud-client/mbed-cloud-client/update-client-hub/modules/lwm2m-mbed/source/FirmwareUpdateResource.o
    0x08084d7a   0x000000ad   Data   RO        28595    .rodata.str1.1      BUILD/RHOMBIO_L476DMW1K/ARM/simple-mbed-cloud-client/mbed-cloud-client/update-client-hub/modules/lwm2m-mbed/source/lwm2m-source.o
    0x08084e27   0x00000076   Data   RO        28624    .rodata.str1.1      BUILD/RHOMBIO_L476DMW1K/ARM/simple-mbed-cloud-client/mbed-cloud-client/update-client-hub/modules/manifest-manager/source/arm_uc_mmCryptoUtils.o
    0x08084e9d   0x00000079   Data   RO        28759    .rodata.str1.1      BUILD/RHOMBIO_L476DMW1K/ARM/simple-mbed-cloud-client/mbed-cloud-client/update-client-hub/modules/manifest-manager/source/arm_uc_mmInsertManifest.o
    0x08084f16   0x00000021   Data   RO        28805    .rodata.str1.1      BUILD/RHOMBIO_L476DMW1K/ARM/simple-mbed-cloud-client/mbed-cloud-client/update-client-hub/modules/metadata-header/source/arm_uc_metadata_header_v2.o
    0x08084f37   0x00000145   Data   RO        29050    .rodata.str1.1      BUILD/RHOMBIO_L476DMW1K/ARM/simple-mbed-cloud-client/mbed-cloud-client/update-client-hub/modules/source-manager/source/arm_uc_source_manager.o
    0x0808507c   0x00000137   Data   RO        29102    .rodata.str1.1      BUILD/RHOMBIO_L476DMW1K/ARM/simple-mbed-cloud-client/mbed-cloud-client/update-client-hub/source/update_client_hub.o
    0x080851b3   0x00000068   Data   RO        29111    .rodata.str1.1      BUILD/RHOMBIO_L476DMW1K/ARM/simple-mbed-cloud-client/mbed-cloud-client/update-client-hub/source/update_client_hub_error_handler.o
    0x0808521b   0x000003cd   Data   RO        29136    .rodata.str1.1      BUILD/RHOMBIO_L476DMW1K/ARM/simple-mbed-cloud-client/mbed-cloud-client/update-client-hub/source/update_client_hub_state_machine.o
    0x080855e8   0x00000051   Data   RO        29197    .rodata.str1.1      BUILD/RHOMBIO_L476DMW1K/ARM/simple-mbed-cloud-client/simple-mbed-cloud-client/mbed-cloud-client-resource.o
    0x08085639   0x0000048d   Data   RO        29304    .rodata.str1.1      BUILD/RHOMBIO_L476DMW1K/ARM/simple-mbed-cloud-client/simple-mbed-cloud-client/simple-mbed-cloud-client.o
    0x08085ac6   0x00000005   Data   RO        29334    .rodata.str1.1      BUILD/RHOMBIO_L476DMW1K/ARM/simple-mbed-cloud-client/storage-helper/storage-helper.o
    0x08085acb   0x00000017   Data   RO        29344    .rodata.str1.1      BUILD/RHOMBIO_L476DMW1K/ARM/simple-mbed-cloud-client/update-helper/update-helper.o
    0x08085ae2   0x00000002   PAD
    0x08085ae4   0x00000021   Data   RO         2141    .rodata.str1.4      BUILD/RHOMBIO_L476DMW1K/ARM/mbed-os/features/cellular/framework/AT/AT_CellularDevice.o
    0x08085b05   0x00000003   PAD
    0x08085b08   0x0000000b   Data   RO        19403    .rodata.str1.4      BUILD/RHOMBIO_L476DMW1K/ARM/mbed-os/rtos/TARGET_CORTEX/rtx5/RTX/Source/rtx_kernel.o
    0x08085b13   0x00000001   PAD
    0x08085b14   0x00000022   Data   RO        24850    .rodata.str1.4      BUILD/RHOMBIO_L476DMW1K/ARM/simple-mbed-cloud-client/mbed-cloud-client/factory-configurator-client/mbed-client-esfs/source/esfs.o
    0x08085b36   0x00000002   PAD
    0x08085b38   0x00000008   Data   RO        18366    .rodata.us_data     BUILD/RHOMBIO_L476DMW1K/ARM/mbed-os/hal/mbed_us_ticker_api.o
    0x08085b40   0x00000020   Data   RO        18368    .rodata.us_interface  BUILD/RHOMBIO_L476DMW1K/ARM/mbed-os/hal/mbed_us_ticker_api.o
    0x08085b60   0x00000008   Data   RO        23313    .rodata.us_ticker_get_info.info  BUILD/RHOMBIO_L476DMW1K/ARM/mbed-os/targets/TARGET_STM/us_ticker.o
    0x08085b68   0x00000020   Data   RO        30316    Region$$Table       anon$$obj.o
    0x08085b88   0x00000008   Data   RO        30258    c$$dinf             C:/Keil_v5/ARM/ARMCCv611/lib\armlib\fz_wm.l(fpconst.o)
    0x08085b90   0x00000008   Data   RO        30261    c$$dmax             C:/Keil_v5/ARM/ARMCCv611/lib\armlib\fz_wm.l(fpconst.o)
    0x08085b98   0x00000110   Data   RO        29958    locale$$data        C:/Keil_v5/ARM/ARMCCv611/lib\armlib\c_w.l(lc_ctype_c.o)
    0x08085ca8   0x0000001c   Data   RO        30172    locale$$data        C:/Keil_v5/ARM/ARMCCv611/lib\armlib\c_w.l(lc_numeric_c.o)
    0x08085cc4   0x00000004   Data   RO           41    .init_array         BUILD/RHOMBIO_L476DMW1K/ARM/main.o
    0x08085cc8   0x00000004   Data   RO          555    .init_array         BUILD/RHOMBIO_L476DMW1K/ARM/mbed-os/components/storage/blockdevice/COMPONENT_QSPIF/QSPIFBlockDevice.o
    0x08085ccc   0x00000004   Data   RO        26054    .init_array         BUILD/RHOMBIO_L476DMW1K/ARM/simple-mbed-cloud-client/mbed-cloud-client/mbed-client-pal/Source/Port/Reference-Impl/OS_Specific/mbedOS/Storage/Flash/pal_plat_internalFlash.o
    0x08085cd0   0x00000004   Data   RO        28877    .init_array         BUILD/RHOMBIO_L476DMW1K/ARM/simple-mbed-cloud-client/mbed-cloud-client/update-client-hub/modules/pal-blockdevice/source/arm_uc_pal_blockdevice_mbed.o
    0x08085cd4   0x00000000   Data   RO        29681    .init_array         C:/Keil_v5/ARM/ARMCCv611/lib\armlib\c_w.l(init_aeabi.o)


    Execution Region RW_IRAM2 (Base: 0x10000188, Size: 0x00000000, Max: 0x00007e78, ABSOLUTE)

    **** No section assigned to this execution region ****


    Execution Region RW_m_crash_data (Base: 0x20000000, Size: 0x00000100, Max: 0x00000100, ABSOLUTE)

    Base Addr    Size         Type   Attr      Idx    E Section Name        Object

    0x20000000   0x00000100   Zero   RW            1    RW_m_crash_data.bss  anon$$obj.o


    Execution Region RW_IRAM1 (Base: 0x20000100, Size: 0x00008238, Max: 0x00017b00, ABSOLUTE, COMPRESSED[0x00000164])

    Base Addr    Size         Type   Attr      Idx    E Section Name        Object

    0x20000100   0x00000004   Data   RW        29587    .data               C:/Keil_v5/ARM/ARMCCv611/lib\armlib\c_w.l(stdio_streams.o)
    0x20000104   0x00000004   Data   RW        29588    .data               C:/Keil_v5/ARM/ARMCCv611/lib\armlib\c_w.l(stdio_streams.o)
    0x20000108   0x00000004   Data   RW        29589    .data               C:/Keil_v5/ARM/ARMCCv611/lib\armlib\c_w.l(stdio_streams.o)
    0x2000010c   0x00000004   Data   RW        29618    .data               C:/Keil_v5/ARM/ARMCCv611/lib\armlib\c_w.l(strtok.o)
    0x20000110   0x00000004   Data   RW        29949    .data               C:/Keil_v5/ARM/ARMCCv611/lib\armlib\c_w.l(streamlock.o)
    0x20000114   0x00000028   Data   RW        28601    .data.ARM_UCS_LWM2M_MONITOR  BUILD/RHOMBIO_L476DMW1K/ARM/simple-mbed-cloud-client/mbed-cloud-client/update-client-hub/modules/lwm2m-mbed/source/update-lwm2m-mbed-apis.o
    0x2000013c   0x00000030   Data   RW        28602    .data.ARM_UCS_LWM2M_SOURCE  BUILD/RHOMBIO_L476DMW1K/ARM/simple-mbed-cloud-client/mbed-cloud-client/update-client-hub/modules/lwm2m-mbed/source/update-lwm2m-mbed-apis.o
    0x2000016c   0x00000020   Data   RW        28446    .data.ARM_UC_FirmwareManager  BUILD/RHOMBIO_L476DMW1K/ARM/simple-mbed-cloud-client/mbed-cloud-client/update-client-hub/modules/firmware-manager/source/arm_uc_firmware_manager.o
    0x2000018c   0x00000020   Data   RW        29048    .data.ARM_UC_SourceManager  BUILD/RHOMBIO_L476DMW1K/ARM/simple-mbed-cloud-client/mbed-cloud-client/update-client-hub/modules/source-manager/source/arm_uc_source_manager.o
    0x200001ac   0x00000004   Data   RW         1877    .data.CME_ERROR     BUILD/RHOMBIO_L476DMW1K/ARM/mbed-os/features/cellular/framework/AT/ATHandler.o
    0x200001b0   0x00000004   Data   RW         1878    .data.CMS_ERROR     BUILD/RHOMBIO_L476DMW1K/ARM/mbed-os/features/cellular/framework/AT/ATHandler.o
    0x200001b4   0x00000004   Data   RW         1879    .data.ERROR_        BUILD/RHOMBIO_L476DMW1K/ARM/mbed-os/features/cellular/framework/AT/ATHandler.o
    0x200001b8   0x00000004   Data   RW        27252    .data.MCC_VERSION   BUILD/RHOMBIO_L476DMW1K/ARM/simple-mbed-cloud-client/mbed-cloud-client/mbed-client/source/m2mnsdlinterface.o
    0x200001bc   0x00000004   Data   RW        22816    .data.SystemCoreClock  BUILD/RHOMBIO_L476DMW1K/ARM/mbed-os/targets/TARGET_STM/TARGET_STM32L4/device/system_stm32l4xx.o
    0x200001c0   0x00000004   Data   RW        18968    .data._ZL10_rtc_write  BUILD/RHOMBIO_L476DMW1K/ARM/mbed-os/platform/mbed_rtc_time.o
    0x200001c4   0x00000055   Data   RW        16163    .data._ZL11dns_servers  BUILD/RHOMBIO_L476DMW1K/ARM/mbed-os/features/netsocket/nsapi_dns.o
    0x20000219   0x00000003   PAD
    0x2000021c   0x00000040   Data   RW        18932    .data._ZL11filehandles  BUILD/RHOMBIO_L476DMW1K/ARM/mbed-os/platform/mbed_retarget.o
    0x2000025c   0x00000004   Data   RW        16161    .data._ZL13dns_unique_id  BUILD/RHOMBIO_L476DMW1K/ARM/mbed-os/features/netsocket/nsapi_dns.o
    0x20000260   0x00000004   Data   RW        18969    .data._ZL14_rtc_isenabled  BUILD/RHOMBIO_L476DMW1K/ARM/mbed-os/platform/mbed_rtc_time.o
    0x20000264   0x00000002   Data   RW        16166    .data._ZL14dns_message_id  BUILD/RHOMBIO_L476DMW1K/ARM/mbed-os/features/netsocket/nsapi_dns.o
    0x20000266   0x00000002   PAD
    0x20000268   0x00000004   Data   RW        19233    .data._ZL14idle_hook_fptr  BUILD/RHOMBIO_L476DMW1K/ARM/mbed-os/rtos/TARGET_CORTEX/mbed_rtx_idle.o
    0x2000026c   0x00000004   Data   RW        18967    .data._ZL9_rtc_init  BUILD/RHOMBIO_L476DMW1K/ARM/mbed-os/platform/mbed_rtc_time.o
    0x20000270   0x00000004   Data   RW        18970    .data._ZL9_rtc_read  BUILD/RHOMBIO_L476DMW1K/ARM/mbed-os/platform/mbed_rtc_time.o
    0x20000274   0x00000001   Data   RW        28216    .data._ZN12UpdateClientL24update_client_tasklet_idE  BUILD/RHOMBIO_L476DMW1K/ARM/simple-mbed-cloud-client/mbed-cloud-client/source/UpdateClient.o
    0x20000275   0x00000001   Data   RW        26369    .data._ZN13M2MTimerPimpl11_tasklet_idE  BUILD/RHOMBIO_L476DMW1K/ARM/simple-mbed-cloud-client/mbed-cloud-client/mbed-client/mbed-client-classic/source/m2mtimerpimpl.o
    0x20000276   0x00000001   Data   RW        27253    .data._ZN16M2MNsdlInterface11_tasklet_idE  BUILD/RHOMBIO_L476DMW1K/ARM/simple-mbed-cloud-client/mbed-cloud-client/mbed-client/source/m2mnsdlinterface.o
    0x20000277   0x00000003   Data   RW        28509    .data._ZN22FirmwareUpdateResource12defaultValueE  BUILD/RHOMBIO_L476DMW1K/ARM/simple-mbed-cloud-client/mbed-cloud-client/update-client-hub/modules/lwm2m-mbed/source/FirmwareUpdateResource.o
    0x2000027a   0x00000001   Data   RW        27010    .data._ZN22M2MNotificationHandler11_tasklet_idE  BUILD/RHOMBIO_L476DMW1K/ARM/simple-mbed-cloud-client/mbed-cloud-client/mbed-client/source/m2mnotificationhandler.o
    0x2000027b   0x00000001   Data   RW        26318    .data._ZN25M2MConnectionHandlerPimpl11_tasklet_idE  BUILD/RHOMBIO_L476DMW1K/ARM/simple-mbed-cloud-client/mbed-cloud-client/mbed-client/mbed-client-classic/source/m2mconnectionhandlerpimpl.o
    0x2000027c   0x00000004   Data   RW         1875    .data._ZN4mbed2OKE  BUILD/RHOMBIO_L476DMW1K/ARM/mbed-os/features/cellular/framework/AT/ATHandler.o
    0x20000280   0x00000004   Data   RW         1876    .data._ZN4mbed4CRLFE  BUILD/RHOMBIO_L476DMW1K/ARM/mbed-os/features/cellular/framework/AT/ATHandler.o
    0x20000284   0x00000008   Data   RW        15688    .data._ZZL29get_interface_event_list_headvE10event_list  BUILD/RHOMBIO_L476DMW1K/ARM/mbed-os/features/netsocket/NetworkInterface.o
    0x2000028c   0x00000004   Data   RW        28217    .data._ZZN12UpdateClientL14initializationEvE7sources  BUILD/RHOMBIO_L476DMW1K/ARM/simple-mbed-cloud-client/mbed-cloud-client/source/UpdateClient.o
    0x20000290   0x00000002   Data   RW         2460    .data._ZZN18mbed_cellular_util19get_dynamic_ip_portEvE12port_counter  BUILD/RHOMBIO_L476DMW1K/ARM/mbed-os/features/cellular/framework/common/CellularUtil.o
    0x20000292   0x00000002   PAD
    0x20000294   0x00000008   Data   RW         8224    .data.arm_core_tasklet_list  BUILD/RHOMBIO_L476DMW1K/ARM/mbed-os/features/nanostack/sal-stack-nanostack-eventloop/source/event.o
    0x2000029c   0x0000000c   Data   RW        29142    .data.back_buffer   BUILD/RHOMBIO_L476DMW1K/ARM/simple-mbed-cloud-client/mbed-cloud-client/update-client-hub/source/update_client_hub_state_machine.o
    0x200002a8   0x00000002   Data   RW        26210    .data.bs_uri        BUILD/RHOMBIO_L476DMW1K/ARM/simple-mbed-cloud-client/mbed-cloud-client/mbed-client/mbed-client-c/source/sn_nsdl.o
    0x200002aa   0x00000002   PAD
    0x200002ac   0x00000004   Data   RW         6459    .data.ecp_mpi_set1.one  BUILD/RHOMBIO_L476DMW1K/ARM/mbed-os/features/mbedtls/src/ecp_curves.o
    0x200002b0   0x00000008   Data   RW         8225    .data.event_queue_active  BUILD/RHOMBIO_L476DMW1K/ARM/mbed-os/features/nanostack/sal-stack-nanostack-eventloop/source/event.o
    0x200002b8   0x00000002   Data   RW        26216    .data.firmware_download_uri  BUILD/RHOMBIO_L476DMW1K/ARM/simple-mbed-cloud-client/mbed-cloud-client/mbed-client/mbed-client-c/source/sn_nsdl.o
    0x200002ba   0x00000002   PAD
    0x200002bc   0x00000008   Data   RW         8226    .data.free_event_entry  BUILD/RHOMBIO_L476DMW1K/ARM/mbed-os/features/nanostack/sal-stack-nanostack-eventloop/source/event.o
    0x200002c4   0x0000000c   Data   RW        29137    .data.front_buffer  BUILD/RHOMBIO_L476DMW1K/ARM/simple-mbed-cloud-client/mbed-cloud-client/update-client-hub/source/update_client_hub_state_machine.o
    0x200002d0   0x00000001   Data   RW        24482    .data.g_is_session_finished  BUILD/RHOMBIO_L476DMW1K/ARM/simple-mbed-cloud-client/mbed-cloud-client/factory-configurator-client/factory-configurator-client/source/factory_configurator_client.o
    0x200002d1   0x00000008   Data   RW        26217    .data.generic_download_uri  BUILD/RHOMBIO_L476DMW1K/ARM/simple-mbed-cloud-client/mbed-cloud-client/mbed-client/mbed-client-c/source/sn_nsdl.o
    0x200002d9   0x00000003   PAD
    0x200002dc   0x00000004   Data   RW        18367    .data.irq_handler   BUILD/RHOMBIO_L476DMW1K/ARM/mbed-os/hal/mbed_us_ticker_api.o
    0x200002e0   0x00000040   Data   RW         3693    .data.m_trace       BUILD/RHOMBIO_L476DMW1K/ARM/mbed-os/features/frameworks/mbed-trace/source/mbed_trace.o
    0x20000320   0x00000004   Data   RW         6757    .data.mbedtls_time  BUILD/RHOMBIO_L476DMW1K/ARM/mbed-os/features/mbedtls/src/platform.o
    0x20000324   0x00000008   Data   RW         8256    .data.ns_timer_list  BUILD/RHOMBIO_L476DMW1K/ARM/mbed-os/features/nanostack/sal-stack-nanostack-eventloop/source/ns_timer.o
    0x2000032c   0x000000a4   Data   RW        19404    .data.os            BUILD/RHOMBIO_L476DMW1K/ARM/mbed-os/rtos/TARGET_CORTEX/rtx5/RTX/Source/rtx_kernel.o
    0x200003d0   0x00000004   Data   RW        29131    .data.pManifestManagerContext  BUILD/RHOMBIO_L476DMW1K/ARM/simple-mbed-cloud-client/mbed-cloud-client/update-client-hub/source/update_client_hub_state_machine.o
    0x200003d4   0x00000002   Data   RW        26208    .data.resource_path_ptr  BUILD/RHOMBIO_L476DMW1K/ARM/simple-mbed-cloud-client/mbed-cloud-client/mbed-client/mbed-client-c/source/sn_nsdl.o
    0x200003d6   0x00000002   PAD
    0x200003d8   0x0000000c   Data   RW         7144    .data.ssl_preset_default_hashes  BUILD/RHOMBIO_L476DMW1K/ARM/mbed-os/features/mbedtls/src/ssl_tls.o
    0x200003e4   0x0000000c   Data   RW         7141    .data.ssl_preset_suiteb_ciphersuites  BUILD/RHOMBIO_L476DMW1K/ARM/mbed-os/features/mbedtls/src/ssl_tls.o
    0x200003f0   0x00000003   Data   RW         7143    .data.ssl_preset_suiteb_curves  BUILD/RHOMBIO_L476DMW1K/ARM/mbed-os/features/mbedtls/src/ssl_tls.o
    0x200003f3   0x00000001   PAD
    0x200003f4   0x0000000c   Data   RW         7142    .data.ssl_preset_suiteb_hashes  BUILD/RHOMBIO_L476DMW1K/ARM/mbed-os/features/mbedtls/src/ssl_tls.o
    0x20000400   0x00000008   Data   RW         8293    .data.system_timer_free  BUILD/RHOMBIO_L476DMW1K/ARM/mbed-os/features/nanostack/sal-stack-nanostack-eventloop/source/system_timer.o
    0x20000408   0x00000008   Data   RW         8296    .data.system_timer_list  BUILD/RHOMBIO_L476DMW1K/ARM/mbed-os/features/nanostack/sal-stack-nanostack-eventloop/source/system_timer.o
    0x20000410   0x00000001   Data   RW         8298    .data.tick_timer_id  BUILD/RHOMBIO_L476DMW1K/ARM/mbed-os/features/nanostack/sal-stack-nanostack-eventloop/source/system_timer.o
    0x20000411   0x00000003   PAD
    0x20000414   0x00000018   Data   RW        29144    .data.uri           BUILD/RHOMBIO_L476DMW1K/ARM/simple-mbed-cloud-client/mbed-cloud-client/update-client-hub/source/update_client_hub_state_machine.o
    0x2000042c   0x00000054   Zero   RW        29584    .bss                C:/Keil_v5/ARM/ARMCCv611/lib\armlib\c_w.l(stdio_streams.o)
    0x20000480   0x00000054   Zero   RW        29585    .bss                C:/Keil_v5/ARM/ARMCCv611/lib\armlib\c_w.l(stdio_streams.o)
    0x200004d4   0x00000054   Zero   RW        29586    .bss                C:/Keil_v5/ARM/ARMCCv611/lib\armlib\c_w.l(stdio_streams.o)
    0x20000528   0x0000002c   Zero   RW        29669    .bss                C:/Keil_v5/ARM/ARMCCv611/lib\armlib\c_w.l(localtime.o)
    0x20000554   0x00000060   Zero   RW        29830    .bss                C:/Keil_v5/ARM/ARMCCv611/lib\armlib\c_w.l(libspace.o)
    0x200005b4   0x00000001   Zero   RW        19753    .bss.PendST         BUILD/RHOMBIO_L476DMW1K/ARM/mbed-os/rtos/TARGET_CORTEX/rtx5/Source/os_systick.o
    0x200005b5   0x00000003   PAD
    0x200005b8   0x00000001   Zero   RW        23182    .bss.RTC_inited     BUILD/RHOMBIO_L476DMW1K/ARM/mbed-os/targets/TARGET_STM/rtc_api.o
    0x200005b9   0x00000003   PAD
    0x200005bc   0x00000024   Zero   RW        23183    .bss.RtcHandle      BUILD/RHOMBIO_L476DMW1K/ARM/mbed-os/targets/TARGET_STM/rtc_api.o
    0x200005e0   0x00000040   Zero   RW        23314    .bss.TimMasterHandle  BUILD/RHOMBIO_L476DMW1K/ARM/mbed-os/targets/TARGET_STM/us_ticker.o
    0x20000620   0x00000004   Zero   RW        18934    .bss._ZGVZL15default_consolevE7console  BUILD/RHOMBIO_L476DMW1K/ARM/mbed-os/platform/mbed_retarget.o
    0x20000624   0x00000004   Zero   RW        15756    .bss._ZGVZN12NetworkStack7call_inEiN4mbed8CallbackIFvvEEEE11event_queue  BUILD/RHOMBIO_L476DMW1K/ARM/mbed-os/features/netsocket/NetworkStack.o
    0x20000628   0x00000004   Zero   RW        18195    .bss._ZGVZN4mbed11BlockDevice20get_default_instanceEvE10default_bd  BUILD/RHOMBIO_L476DMW1K/ARM/mbed-os/features/storage/system_storage/SystemStorage.o
    0x2000062c   0x00000004   Zero   RW         2766    .bss._ZGVZN4mbed14CellularDevice20get_default_instanceEvE6device  BUILD/RHOMBIO_L476DMW1K/ARM/mbed-os/features/cellular/framework/targets/QUECTEL/BC95/QUECTEL_BC95.o
    0x20000630   0x00000004   Zero   RW         2764    .bss._ZGVZN4mbed14CellularDevice20get_default_instanceEvE6serial  BUILD/RHOMBIO_L476DMW1K/ARM/mbed-os/features/cellular/framework/targets/QUECTEL/BC95/QUECTEL_BC95.o
    0x20000634   0x00000004   Zero   RW         2471    .bss._ZGVZN4mbed15CellularContext20get_default_instanceEvE7context  BUILD/RHOMBIO_L476DMW1K/ARM/mbed-os/features/cellular/framework/device/CellularContext.o
    0x20000638   0x00000004   Zero   RW         1718    .bss._ZGVZN4mbed33do_shared_event_queue_with_threadIL12osPriority_t24ELj768ELj2048EEEPN6events10EventQueueEPKcE5queue  BUILD/RHOMBIO_L476DMW1K/ARM/mbed-os/events/mbed_shared_queues.o
    0x2000063c   0x00000004   Zero   RW         1721    .bss._ZGVZN4mbed33do_shared_event_queue_with_threadIL12osPriority_t24ELj768ELj2048EEEPN6events10EventQueueEPKcE6thread  BUILD/RHOMBIO_L476DMW1K/ARM/mbed-os/events/mbed_shared_queues.o
    0x20000640   0x00000004   Zero   RW         1725    .bss._ZGVZN4mbed33do_shared_event_queue_with_threadIL12osPriority_t40ELj256ELj1024EEEPN6events10EventQueueEPKcE5queue  BUILD/RHOMBIO_L476DMW1K/ARM/mbed-os/events/mbed_shared_queues.o
    0x20000644   0x00000004   Zero   RW         1728    .bss._ZGVZN4mbed33do_shared_event_queue_with_threadIL12osPriority_t40ELj256ELj1024EEEPN6events10EventQueueEPKcE6thread  BUILD/RHOMBIO_L476DMW1K/ARM/mbed-os/events/mbed_shared_queues.o
    0x20000648   0x00000018   Zero   RW        16158    .bss._ZL11dns_call_in  BUILD/RHOMBIO_L476DMW1K/ARM/mbed-os/features/netsocket/nsapi_dns.o
    0x20000660   0x00000004   Zero   RW           39    .bss._ZL12endpointInfo  BUILD/RHOMBIO_L476DMW1K/ARM/main.o
    0x20000664   0x0000001c   Zero   RW           30    .bss._ZL12shutdown_pin  BUILD/RHOMBIO_L476DMW1K/ARM/main.o
    0x20000680   0x00000004   Zero   RW        28594    .bss._ZL13copy_full_url  BUILD/RHOMBIO_L476DMW1K/ARM/simple-mbed-cloud-client/mbed-cloud-client/update-client-hub/modules/lwm2m-mbed/source/lwm2m-source.o
    0x20000684   0x00000010   Zero   RW        18924    .bss._ZL13stdio_in_prev  BUILD/RHOMBIO_L476DMW1K/ARM/mbed-os/platform/mbed_retarget.o
    0x20000694   0x00000004   Zero   RW        25996    .bss._ZL14g_threadsMutex  BUILD/RHOMBIO_L476DMW1K/ARM/simple-mbed-cloud-client/mbed-cloud-client/mbed-client-pal/Source/Port/Reference-Impl/OS_Specific/mbedOS/RTOS/pal_plat_rtos.o
    0x20000698   0x00000010   Zero   RW        18925    .bss._ZL14stdio_out_prev  BUILD/RHOMBIO_L476DMW1K/ARM/mbed-os/platform/mbed_retarget.o
    0x200006a8   0x00000004   Zero   RW        28599    .bss._ZL14storage_buffer.1  BUILD/RHOMBIO_L476DMW1K/ARM/simple-mbed-cloud-client/mbed-cloud-client/update-client-hub/modules/lwm2m-mbed/source/lwm2m-source.o
    0x200006ac   0x00000004   PAD
    0x200006b0   0x00000030   Zero   RW        16164    .bss._ZL15dns_cache_mutex  BUILD/RHOMBIO_L476DMW1K/ARM/mbed-os/features/netsocket/nsapi_dns.o
    0x200006e0   0x00000014   Zero   RW        16160    .bss._ZL15dns_query_queue  BUILD/RHOMBIO_L476DMW1K/ARM/mbed-os/features/netsocket/nsapi_dns.o
    0x200006f4   0x00000400   Zero   RW        28597    .bss._ZL15storage_message  BUILD/RHOMBIO_L476DMW1K/ARM/simple-mbed-cloud-client/mbed-cloud-client/update-client-hub/modules/lwm2m-mbed/source/lwm2m-source.o
    0x20000af4   0x00000004   Zero   RW         8009    .bss._ZL16arm_hal_callback  BUILD/RHOMBIO_L476DMW1K/ARM/mbed-os/features/nanostack/nanostack-hal-mbed-cmsis-rtos/arm_hal_timer.o
    0x20000af8   0x00000030   Zero   RW        18922    .bss._ZL16filehandle_mutex  BUILD/RHOMBIO_L476DMW1K/ARM/mbed-os/platform/mbed_retarget.o
    0x20000b28   0x00000001   Zero   RW        16162    .bss._ZL17dns_timer_running  BUILD/RHOMBIO_L476DMW1K/ARM/mbed-os/features/netsocket/nsapi_dns.o
    0x20000b29   0x00000003   PAD
    0x20000b2c   0x00000004   Zero   RW        28593    .bss._ZL17output_buffer_ptr  BUILD/RHOMBIO_L476DMW1K/ARM/simple-mbed-cloud-client/mbed-cloud-client/update-client-hub/modules/lwm2m-mbed/source/lwm2m-source.o
    0x20000b30   0x00000004   Zero   RW        28598    .bss._ZL19arm_ucs_lwm2m_error.0  BUILD/RHOMBIO_L476DMW1K/ARM/simple-mbed-cloud-client/mbed-cloud-client/update-client-hub/modules/lwm2m-mbed/source/lwm2m-source.o
    0x20000b34   0x00000004   Zero   RW        28586    .bss._ZL20ARM_UCS_EventHandler  BUILD/RHOMBIO_L476DMW1K/ARM/simple-mbed-cloud-client/mbed-cloud-client/update-client-hub/modules/lwm2m-mbed/source/lwm2m-source.o
    0x20000b38   0x00000010   Zero   RW        28592    .bss._ZL20callbackNodeManifest  BUILD/RHOMBIO_L476DMW1K/ARM/simple-mbed-cloud-client/mbed-cloud-client/update-client-hub/modules/lwm2m-mbed/source/lwm2m-source.o
    0x20000b48   0x00000004   Zero   RW        28589    .bss._ZL22arm_uc_total_file_size  BUILD/RHOMBIO_L476DMW1K/ARM/simple-mbed-cloud-client/mbed-cloud-client/update-client-hub/modules/lwm2m-mbed/source/lwm2m-source.o
    0x20000b4c   0x00000004   Zero   RW        28590    .bss._ZL23arm_ucs_manifest_buffer  BUILD/RHOMBIO_L476DMW1K/ARM/simple-mbed-cloud-client/mbed-cloud-client/update-client-hub/modules/lwm2m-mbed/source/lwm2m-source.o
    0x20000b50   0x00000002   Zero   RW        28591    .bss._ZL23arm_ucs_manifest_length  BUILD/RHOMBIO_L476DMW1K/ARM/simple-mbed-cloud-client/mbed-cloud-client/update-client-hub/modules/lwm2m-mbed/source/lwm2m-source.o
    0x20000b52   0x00000002   PAD
    0x20000b54   0x00000010   Zero   RW        28596    .bss._ZL24callbackNodeNotification  BUILD/RHOMBIO_L476DMW1K/ARM/simple-mbed-cloud-client/mbed-cloud-client/update-client-hub/modules/lwm2m-mbed/source/lwm2m-source.o
    0x20000b64   0x00000004   Zero   RW        25900    .bss._ZL24s_pal_numberOFInterfaces  BUILD/RHOMBIO_L476DMW1K/ARM/simple-mbed-cloud-client/mbed-cloud-client/mbed-client-pal/Source/Port/Reference-Impl/OS_Specific/mbedOS/Networking/pal_plat_network.o
    0x20000b68   0x00000004   Zero   RW        28588    .bss._ZL25arm_uc_received_file_size  BUILD/RHOMBIO_L476DMW1K/ARM/simple-mbed-cloud-client/mbed-cloud-client/update-client-hub/modules/lwm2m-mbed/source/lwm2m-source.o
    0x20000b6c   0x00000001   Zero   RW        25899    .bss._ZL25s_pal_network_initialized  BUILD/RHOMBIO_L476DMW1K/ARM/simple-mbed-cloud-client/mbed-cloud-client/mbed-client-pal/Source/Port/Reference-Impl/OS_Specific/mbedOS/Networking/pal_plat_network.o
    0x20000b6d   0x00000003   PAD
    0x20000b70   0x0000000c   Zero   RW        25901    .bss._ZL32s_pal_networkInterfacesSupported  BUILD/RHOMBIO_L476DMW1K/ARM/simple-mbed-cloud-client/mbed-cloud-client/mbed-client-pal/Source/Port/Reference-Impl/OS_Specific/mbedOS/Networking/pal_plat_network.o
    0x20000b7c   0x00000004   Zero   RW         8010    .bss._ZL3due        BUILD/RHOMBIO_L476DMW1K/ARM/mbed-os/features/nanostack/nanostack-hal-mbed-cmsis-rtos/arm_hal_timer.o
    0x20000b80   0x00000001   Zero   RW        28587    .bss._ZL43arm_uc_get_data_request_transaction_ongoing  BUILD/RHOMBIO_L476DMW1K/ARM/simple-mbed-cloud-client/mbed-cloud-client/update-client-hub/modules/lwm2m-mbed/source/lwm2m-source.o
    0x20000b81   0x00000003   PAD
    0x20000b84   0x00000008   Zero   RW        26053    .bss._ZL5flash      BUILD/RHOMBIO_L476DMW1K/ARM/simple-mbed-cloud-client/mbed-cloud-client/mbed-client-pal/Source/Port/Reference-Impl/OS_Specific/mbedOS/Storage/Flash/pal_plat_internalFlash.o
    0x20000b8c   0x00000004   PAD
    0x20000b90   0x00000028   Zero   RW         8007    .bss._ZL5timer      BUILD/RHOMBIO_L476DMW1K/ARM/mbed-os/features/nanostack/nanostack-hal-mbed-cmsis-rtos/arm_hal_timer.o
    0x20000bb8   0x00000030   Zero   RW        18966    .bss._ZL6_mutex     BUILD/RHOMBIO_L476DMW1K/ARM/mbed-os/platform/mbed_rtc_time.o
    0x20000be8   0x00000004   Zero   RW         8005    .bss._ZL6equeue     BUILD/RHOMBIO_L476DMW1K/ARM/mbed-os/features/nanostack/nanostack-hal-mbed-cmsis-rtos/arm_hal_timer.o
    0x20000bec   0x00000004   Zero   RW        29343    .bss._ZL7_client    BUILD/RHOMBIO_L476DMW1K/ARM/simple-mbed-cloud-client/update-helper/update-helper.o
    0x20000bf0   0x00000048   Zero   RW         8008    .bss._ZL7timeout    BUILD/RHOMBIO_L476DMW1K/ARM/mbed-os/features/nanostack/nanostack-hal-mbed-cmsis-rtos/arm_hal_timer.o
    0x20000c38   0x0000000c   Zero   RW        16165    .bss._ZL9dns_cache  BUILD/RHOMBIO_L476DMW1K/ARM/mbed-os/features/netsocket/nsapi_dns.o
    0x20000c44   0x00000004   PAD
    0x20000c48   0x00000030   Zero   RW        16159    .bss._ZL9dns_mutex  BUILD/RHOMBIO_L476DMW1K/ARM/mbed-os/features/netsocket/nsapi_dns.o
    0x20000c78   0x00000004   Zero   RW        27686    .bss._ZN11M2MSecurity9_instanceE  BUILD/RHOMBIO_L476DMW1K/ARM/simple-mbed-cloud-client/mbed-cloud-client/mbed-client/source/m2msecurity.o
    0x20000c7c   0x00000004   Zero   RW        28214    .bss._ZN12UpdateClientL14_m2m_interfaceE  BUILD/RHOMBIO_L476DMW1K/ARM/simple-mbed-cloud-client/mbed-cloud-client/source/UpdateClient.o
    0x20000c80   0x00000010   Zero   RW        28212    .bss._ZN12UpdateClientL14error_callbackE  BUILD/RHOMBIO_L476DMW1K/ARM/simple-mbed-cloud-client/mbed-cloud-client/source/UpdateClient.o
    0x20000c90   0x00000004   Zero   RW        28215    .bss._ZN12UpdateClientL8_serviceE  BUILD/RHOMBIO_L476DMW1K/ARM/simple-mbed-cloud-client/mbed-cloud-client/source/UpdateClient.o
    0x20000c94   0x00000004   PAD
    0x20000c98   0x00000030   Zero   RW          550    .bss._ZN16QSPIFBlockDevice14_devices_mutexE  BUILD/RHOMBIO_L476DMW1K/ARM/mbed-os/components/storage/blockdevice/COMPONENT_QSPIF/QSPIFBlockDevice.o
    0x20000cc8   0x00000004   Zero   RW          552    .bss._ZN16QSPIFBlockDevice28_active_qspif_flash_csel_arrE  BUILD/RHOMBIO_L476DMW1K/ARM/mbed-os/components/storage/blockdevice/COMPONENT_QSPIF/QSPIFBlockDevice.o
    0x20000ccc   0x00000004   Zero   RW          551    .bss._ZN16QSPIFBlockDevice34_number_of_active_qspif_flash_cselE  BUILD/RHOMBIO_L476DMW1K/ARM/mbed-os/components/storage/blockdevice/COMPONENT_QSPIF/QSPIFBlockDevice.o
    0x20000cd0   0x00000004   Zero   RW        26648    .bss._ZN18M2MCallbackStorage16_static_instanceE  BUILD/RHOMBIO_L476DMW1K/ARM/simple-mbed-cloud-client/mbed-cloud-client/mbed-client/source/m2mcallbackstorage.o
    0x20000cd4   0x00000004   Zero   RW        28474    .bss._ZN22DeviceMetadataResourceL15classIdResourceE  BUILD/RHOMBIO_L476DMW1K/ARM/simple-mbed-cloud-client/mbed-cloud-client/update-client-hub/modules/lwm2m-mbed/source/DeviceMetadataResource.o
    0x20000cd8   0x00000004   Zero   RW        28475    .bss._ZN22DeviceMetadataResourceL16deviceIdResourceE  BUILD/RHOMBIO_L476DMW1K/ARM/simple-mbed-cloud-client/mbed-cloud-client/update-client-hub/modules/lwm2m-mbed/source/DeviceMetadataResource.o
    0x20000cdc   0x00000004   Zero   RW        28473    .bss._ZN22DeviceMetadataResourceL16vendorIdResourceE  BUILD/RHOMBIO_L476DMW1K/ARM/simple-mbed-cloud-client/mbed-cloud-client/update-client-hub/modules/lwm2m-mbed/source/DeviceMetadataResource.o
    0x20000ce0   0x00000004   Zero   RW        28469    .bss._ZN22DeviceMetadataResourceL20deviceMetadataObjectE  BUILD/RHOMBIO_L476DMW1K/ARM/simple-mbed-cloud-client/mbed-cloud-client/update-client-hub/modules/lwm2m-mbed/source/DeviceMetadataResource.o
    0x20000ce4   0x00000004   Zero   RW        28471    .bss._ZN22DeviceMetadataResourceL22bootloaderHashResourceE  BUILD/RHOMBIO_L476DMW1K/ARM/simple-mbed-cloud-client/mbed-cloud-client/update-client-hub/modules/lwm2m-mbed/source/DeviceMetadataResource.o
    0x20000ce8   0x00000004   Zero   RW        28472    .bss._ZN22DeviceMetadataResourceL25OEMBootloaderHashResourceE  BUILD/RHOMBIO_L476DMW1K/ARM/simple-mbed-cloud-client/mbed-cloud-client/update-client-hub/modules/lwm2m-mbed/source/DeviceMetadataResource.o
    0x20000cec   0x00000004   Zero   RW        28470    .bss._ZN22DeviceMetadataResourceL25protocolSupportedResourceE  BUILD/RHOMBIO_L476DMW1K/ARM/simple-mbed-cloud-client/mbed-cloud-client/update-client-hub/modules/lwm2m-mbed/source/DeviceMetadataResource.o
    0x20000cf0   0x00000004   Zero   RW        28516    .bss._ZN22FirmwareUpdateResourceL12resourceNameE  BUILD/RHOMBIO_L476DMW1K/ARM/simple-mbed-cloud-client/mbed-cloud-client/update-client-hub/modules/lwm2m-mbed/source/FirmwareUpdateResource.o
    0x20000cf4   0x00000004   Zero   RW        28511    .bss._ZN22FirmwareUpdateResourceL12updateObjectE  BUILD/RHOMBIO_L476DMW1K/ARM/simple-mbed-cloud-client/mbed-cloud-client/update-client-hub/modules/lwm2m-mbed/source/FirmwareUpdateResource.o
    0x20000cf8   0x00000004   Zero   RW        28514    .bss._ZN22FirmwareUpdateResourceL13resourceStateE  BUILD/RHOMBIO_L476DMW1K/ARM/simple-mbed-cloud-client/mbed-cloud-client/update-client-hub/modules/lwm2m-mbed/source/FirmwareUpdateResource.o
    0x20000cfc   0x00000004   Zero   RW        28522    .bss._ZN22FirmwareUpdateResourceL14_m2m_interfaceE  BUILD/RHOMBIO_L476DMW1K/ARM/simple-mbed-cloud-client/mbed-cloud-client/update-client-hub/modules/lwm2m-mbed/source/FirmwareUpdateResource.o
    0x20000d00   0x00000004   Zero   RW        28515    .bss._ZN22FirmwareUpdateResourceL14resourceResultE  BUILD/RHOMBIO_L476DMW1K/ARM/simple-mbed-cloud-client/mbed-cloud-client/update-client-hub/modules/lwm2m-mbed/source/FirmwareUpdateResource.o
    0x20000d04   0x00000004   Zero   RW        28518    .bss._ZN22FirmwareUpdateResourceL14resourceUpdateE  BUILD/RHOMBIO_L476DMW1K/ARM/simple-mbed-cloud-client/mbed-cloud-client/update-client-hub/modules/lwm2m-mbed/source/FirmwareUpdateResource.o
    0x20000d08   0x00000004   Zero   RW        28513    .bss._ZN22FirmwareUpdateResourceL15resourcePackageE  BUILD/RHOMBIO_L476DMW1K/ARM/simple-mbed-cloud-client/mbed-cloud-client/update-client-hub/modules/lwm2m-mbed/source/FirmwareUpdateResource.o
    0x20000d0c   0x00000004   Zero   RW        28517    .bss._ZN22FirmwareUpdateResourceL15resourceVersionE  BUILD/RHOMBIO_L476DMW1K/ARM/simple-mbed-cloud-client/mbed-cloud-client/update-client-hub/modules/lwm2m-mbed/source/FirmwareUpdateResource.o
    0x20000d10   0x00000010   Zero   RW        28523    .bss._ZN22FirmwareUpdateResourceL19callbackNodePackageE  BUILD/RHOMBIO_L476DMW1K/ARM/simple-mbed-cloud-client/mbed-cloud-client/update-client-hub/modules/lwm2m-mbed/source/FirmwareUpdateResource.o
    0x20000d20   0x00000004   Zero   RW        28520    .bss._ZN22FirmwareUpdateResourceL22externalUpdateCallbackE  BUILD/RHOMBIO_L476DMW1K/ARM/simple-mbed-cloud-client/mbed-cloud-client/update-client-hub/modules/lwm2m-mbed/source/FirmwareUpdateResource.o
    0x20000d24   0x00000004   Zero   RW        28519    .bss._ZN22FirmwareUpdateResourceL23externalPackageCallbackE  BUILD/RHOMBIO_L476DMW1K/ARM/simple-mbed-cloud-client/mbed-cloud-client/update-client-hub/modules/lwm2m-mbed/source/FirmwareUpdateResource.o
    0x20000d28   0x00000010   Zero   RW        28524    .bss._ZN22FirmwareUpdateResourceL26callbackNodeResourceUpdateE  BUILD/RHOMBIO_L476DMW1K/ARM/simple-mbed-cloud-client/mbed-cloud-client/update-client-hub/modules/lwm2m-mbed/source/FirmwareUpdateResource.o
    0x20000d38   0x00000004   Zero   RW        28521    .bss._ZN22FirmwareUpdateResourceL28externalNotificationCallbackE  BUILD/RHOMBIO_L476DMW1K/ARM/simple-mbed-cloud-client/mbed-cloud-client/update-client-hub/modules/lwm2m-mbed/source/FirmwareUpdateResource.o
    0x20000d3c   0x00000004   Zero   RW         1910    .bss._ZN4mbed15AT_CellularBase15_property_arrayE  BUILD/RHOMBIO_L476DMW1K/ARM/mbed-os/features/cellular/framework/AT/AT_CellularBase.o
    0x20000d40   0x00000030   Zero   RW         1226    .bss._ZN4mbed4QSPI6_mutexE  BUILD/RHOMBIO_L476DMW1K/ARM/mbed-os/drivers/QSPI.o
    0x20000d70   0x00000004   Zero   RW         1225    .bss._ZN4mbed4QSPI6_ownerE  BUILD/RHOMBIO_L476DMW1K/ARM/mbed-os/drivers/QSPI.o
    0x20000d74   0x00000004   PAD
    0x20000d78   0x00000030   Zero   RW          876    .bss._ZN4mbed8AnalogIn6_mutexE  BUILD/RHOMBIO_L476DMW1K/ARM/mbed-os/drivers/AnalogIn.o
    0x20000da8   0x00000004   Zero   RW        18483    .bss._ZN4mbed8FileBase5_headE  BUILD/RHOMBIO_L476DMW1K/ARM/mbed-os/platform/FileBase.o
    0x20000dac   0x00000004   PAD
    0x20000db0   0x00000030   Zero   RW        18484    .bss._ZN4mbed8FileBase6_mutexE  BUILD/RHOMBIO_L476DMW1K/ARM/mbed-os/platform/FileBase.o
    0x20000de0   0x00000004   Zero   RW        18485    .bss._ZN4mbed8FileBase8_defaultE  BUILD/RHOMBIO_L476DMW1K/ARM/mbed-os/platform/FileBase.o
    0x20000de4   0x00000004   PAD
    0x20000de8   0x00000030   Zero   RW         1024    .bss._ZN4mbed8FlashIAP6_mutexE  BUILD/RHOMBIO_L476DMW1K/ARM/mbed-os/drivers/FlashIAP.o
    0x20000e18   0x00000004   Zero   RW         1898    .bss._ZN4mbed9ATHandler11_atHandlersE  BUILD/RHOMBIO_L476DMW1K/ARM/mbed-os/features/cellular/framework/AT/ATHandler_factory.o
    0x20000e1c   0x00000004   Zero   RW        26696    .bss._ZN9M2MDevice9_instanceE  BUILD/RHOMBIO_L476DMW1K/ARM/simple-mbed-cloud-client/mbed-cloud-client/mbed-client/source/m2mdevice.o
    0x20000e20   0x00000101   Zero   RW        18926    .bss._ZZ7readdirE3ent  BUILD/RHOMBIO_L476DMW1K/ARM/mbed-os/platform/mbed_retarget.o
    0x20000f21   0x00000003   PAD
    0x20000f24   0x00000004   Zero   RW        18933    .bss._ZZL15default_consolevE7console  BUILD/RHOMBIO_L476DMW1K/ARM/mbed-os/platform/mbed_retarget.o
    0x20000f28   0x00000004   Zero   RW        15755    .bss._ZZN12NetworkStack7call_inEiN4mbed8CallbackIFvvEEEE11event_queue  BUILD/RHOMBIO_L476DMW1K/ARM/mbed-os/features/netsocket/NetworkStack.o
    0x20000f2c   0x00000001   Zero   RW        29333    .bss._ZZN13StorageHelper4initEvE9init_done  BUILD/RHOMBIO_L476DMW1K/ARM/simple-mbed-cloud-client/storage-helper/storage-helper.o
    0x20000f2d   0x00000003   PAD
    0x20000f30   0x00000004   Zero   RW        29305    .bss._ZZN21SimpleMbedCloudClient17client_registeredEvE8endpoint  BUILD/RHOMBIO_L476DMW1K/ARM/simple-mbed-cloud-client/simple-mbed-cloud-client/simple-mbed-cloud-client.o
    0x20000f34   0x00000001   Zero   RW        28468    .bss._ZZN22DeviceMetadataResource10InitializeEvE11initialized  BUILD/RHOMBIO_L476DMW1K/ARM/simple-mbed-cloud-client/mbed-cloud-client/update-client-hub/modules/lwm2m-mbed/source/DeviceMetadataResource.o
    0x20000f35   0x00000001   Zero   RW        28510    .bss._ZZN22FirmwareUpdateResource10InitializeEvE11initialized  BUILD/RHOMBIO_L476DMW1K/ARM/simple-mbed-cloud-client/mbed-cloud-client/update-client-hub/modules/lwm2m-mbed/source/FirmwareUpdateResource.o
    0x20000f36   0x00000002   PAD
    0x20000f38   0x000001b0   Zero   RW        18194    .bss._ZZN4mbed11BlockDevice20get_default_instanceEvE10default_bd  BUILD/RHOMBIO_L476DMW1K/ARM/mbed-os/features/storage/system_storage/SystemStorage.o
    0x200010e8   0x000000e4   Zero   RW         2765    .bss._ZZN4mbed14CellularDevice20get_default_instanceEvE6device  BUILD/RHOMBIO_L476DMW1K/ARM/mbed-os/features/cellular/framework/targets/QUECTEL/BC95/QUECTEL_BC95.o
    0x200011cc   0x000002a0   Zero   RW         2763    .bss._ZZN4mbed14CellularDevice20get_default_instanceEvE6serial  BUILD/RHOMBIO_L476DMW1K/ARM/mbed-os/features/cellular/framework/targets/QUECTEL/BC95/QUECTEL_BC95.o
    0x2000146c   0x00000004   Zero   RW         2470    .bss._ZZN4mbed15CellularContext20get_default_instanceEvE7context  BUILD/RHOMBIO_L476DMW1K/ARM/mbed-os/features/cellular/framework/device/CellularContext.o
    0x20001470   0x00000300   Zero   RW         1716    .bss._ZZN4mbed33do_shared_event_queue_with_threadIL12osPriority_t24ELj768ELj2048EEEPN6events10EventQueueEPKcE12queue_buffer  BUILD/RHOMBIO_L476DMW1K/ARM/mbed-os/events/mbed_shared_queues.o
    0x20001770   0x0000005c   Zero   RW         1717    .bss._ZZN4mbed33do_shared_event_queue_with_threadIL12osPriority_t24ELj768ELj2048EEEPN6events10EventQueueEPKcE5queue  BUILD/RHOMBIO_L476DMW1K/ARM/mbed-os/events/mbed_shared_queues.o
    0x200017cc   0x00000004   PAD
    0x200017d0   0x00000800   Zero   RW         1719    .bss._ZZN4mbed33do_shared_event_queue_with_threadIL12osPriority_t24ELj768ELj2048EEEPN6events10EventQueueEPKcE5stack  BUILD/RHOMBIO_L476DMW1K/ARM/mbed-os/events/mbed_shared_queues.o
    0x20001fd0   0x000000c0   Zero   RW         1720    .bss._ZZN4mbed33do_shared_event_queue_with_threadIL12osPriority_t24ELj768ELj2048EEEPN6events10EventQueueEPKcE6thread  BUILD/RHOMBIO_L476DMW1K/ARM/mbed-os/events/mbed_shared_queues.o
    0x20002090   0x00000100   Zero   RW         1723    .bss._ZZN4mbed33do_shared_event_queue_with_threadIL12osPriority_t40ELj256ELj1024EEEPN6events10EventQueueEPKcE12queue_buffer  BUILD/RHOMBIO_L476DMW1K/ARM/mbed-os/events/mbed_shared_queues.o
    0x20002190   0x0000005c   Zero   RW         1724    .bss._ZZN4mbed33do_shared_event_queue_with_threadIL12osPriority_t40ELj256ELj1024EEEPN6events10EventQueueEPKcE5queue  BUILD/RHOMBIO_L476DMW1K/ARM/mbed-os/events/mbed_shared_queues.o
    0x200021ec   0x00000004   PAD
    0x200021f0   0x00000400   Zero   RW         1726    .bss._ZZN4mbed33do_shared_event_queue_with_threadIL12osPriority_t40ELj256ELj1024EEEPN6events10EventQueueEPKcE5stack  BUILD/RHOMBIO_L476DMW1K/ARM/mbed-os/events/mbed_shared_queues.o
    0x200025f0   0x000000c0   Zero   RW         1727    .bss._ZZN4mbed33do_shared_event_queue_with_threadIL12osPriority_t40ELj256ELj1024EEEPN6events10EventQueueEPKcE6thread  BUILD/RHOMBIO_L476DMW1K/ARM/mbed-os/events/mbed_shared_queues.o
    0x200026b0   0x00000101   Zero   RW        17490    .bss._ZZN4mbed9DirHandle7readdirEvE3ent  BUILD/RHOMBIO_L476DMW1K/ARM/mbed-os/features/storage/filesystem/FileSystem.o
    0x200027b1   0x00000003   PAD
    0x200027b4   0x00000004   Zero   RW        19067    .bss._ZZN4rtos6Kernel12get_ms_countEvE6tick_h  BUILD/RHOMBIO_L476DMW1K/ARM/mbed-os/rtos/Kernel.o
    0x200027b8   0x00000004   Zero   RW        19068    .bss._ZZN4rtos6Kernel12get_ms_countEvE6tick_l  BUILD/RHOMBIO_L476DMW1K/ARM/mbed-os/rtos/Kernel.o
    0x200027bc   0x00000004   PAD
    0x200027c0   0x00001770   Zero   RW        19188    .bss._main_stack    BUILD/RHOMBIO_L476DMW1K/ARM/mbed-os/rtos/TARGET_CORTEX/mbed_rtos_rtx.o
    0x20003f30   0x00000024   Zero   RW        19189    .bss._main_thread_attr  BUILD/RHOMBIO_L476DMW1K/ARM/mbed-os/rtos/TARGET_CORTEX/mbed_rtos_rtx.o
    0x20003f54   0x00000020   Zero   RW        19165    .bss._static_mutexes  BUILD/RHOMBIO_L476DMW1K/ARM/mbed-os/rtos/TARGET_CORTEX/TOOLCHAIN_ARM_STD/mbed_boot_arm_std.o
    0x20003f74   0x000000e0   Zero   RW        19166    .bss._static_mutexes_mem  BUILD/RHOMBIO_L476DMW1K/ARM/mbed-os/rtos/TARGET_CORTEX/TOOLCHAIN_ARM_STD/mbed_boot_arm_std.o
    0x20004054   0x00000001   Zero   RW        24891    .bss.active_area    BUILD/RHOMBIO_L476DMW1K/ARM/simple-mbed-cloud-client/mbed-cloud-client/factory-configurator-client/mbed-client-esfs/source/sotp/sotp.o
    0x20004055   0x00000001   PAD
    0x20004056   0x00000002   Zero   RW        24894    .bss.active_area_version  BUILD/RHOMBIO_L476DMW1K/ARM/simple-mbed-cloud-client/mbed-cloud-client/factory-configurator-client/mbed-client-esfs/source/sotp/sotp.o
    0x20004058   0x00000070   Zero   RW           31    .bss.adc_temp       BUILD/RHOMBIO_L476DMW1K/ARM/main.o
    0x200040c8   0x00000070   Zero   RW           32    .bss.adc_vref       BUILD/RHOMBIO_L476DMW1K/ARM/main.o
    0x20004138   0x00000048   Zero   RW        29135    .bss.arm_uc_active_details  BUILD/RHOMBIO_L476DMW1K/ARM/simple-mbed-cloud-client/mbed-cloud-client/update-client-hub/source/update_client_hub_state_machine.o
    0x20004180   0x00000001   Zero   RW        29134    .bss.arm_uc_active_details_available  BUILD/RHOMBIO_L476DMW1K/ARM/simple-mbed-cloud-client/mbed-cloud-client/update-client-hub/source/update_client_hub_state_machine.o
    0x20004181   0x00000003   PAD
    0x20004184   0x00000004   Zero   RW        28382    .bss.arm_uc_authority_callback  BUILD/RHOMBIO_L476DMW1K/ARM/simple-mbed-cloud-client/mbed-cloud-client/update-client-hub/modules/control-center/source/arm_uc_control_center.o
    0x20004188   0x00000004   Zero   RW        28876    .bss.arm_uc_blockdevice_ext  BUILD/RHOMBIO_L476DMW1K/ARM/simple-mbed-cloud-client/mbed-cloud-client/update-client-hub/modules/pal-blockdevice/source/arm_uc_pal_blockdevice_mbed.o
    0x2000418c   0x00000001   Zero   RW        28383    .bss.arm_uc_download_token_armed  BUILD/RHOMBIO_L476DMW1K/ARM/simple-mbed-cloud-client/mbed-cloud-client/update-client-hub/modules/control-center/source/arm_uc_control_center.o
    0x2000418d   0x00000003   PAD
    0x20004190   0x00000004   Zero   RW        29110    .bss.arm_uc_error_callback_handler  BUILD/RHOMBIO_L476DMW1K/ARM/simple-mbed-cloud-client/mbed-cloud-client/update-client-hub/source/update_client_hub_error_handler.o
    0x20004194   0x00000010   Zero   RW        28448    .bss.arm_uc_event_handler_callback  BUILD/RHOMBIO_L476DMW1K/ARM/simple-mbed-cloud-client/mbed-cloud-client/update-client-hub/modules/firmware-manager/source/arm_uc_firmware_manager.o
    0x200041a4   0x00000018   Zero   RW        29143    .bss.arm_uc_hub_firmware_config  BUILD/RHOMBIO_L476DMW1K/ARM/simple-mbed-cloud-client/mbed-cloud-client/update-client-hub/source/update_client_hub_state_machine.o
    0x200041bc   0x00000004   Zero   RW        29133    .bss.arm_uc_hub_init_cb  BUILD/RHOMBIO_L476DMW1K/ARM/simple-mbed-cloud-client/mbed-cloud-client/update-client-hub/source/update_client_hub_state_machine.o
    0x200041c0   0x00000001   Zero   RW        29132    .bss.arm_uc_hub_state  BUILD/RHOMBIO_L476DMW1K/ARM/simple-mbed-cloud-client/mbed-cloud-client/update-client-hub/source/update_client_hub_state_machine.o
    0x200041c1   0x00000001   Zero   RW        28384    .bss.arm_uc_install_token_armed  BUILD/RHOMBIO_L476DMW1K/ARM/simple-mbed-cloud-client/mbed-cloud-client/update-client-hub/modules/control-center/source/arm_uc_control_center.o
    0x200041c2   0x00000002   PAD
    0x200041c4   0x00000044   Zero   RW        29138    .bss.arm_uc_installer_details  BUILD/RHOMBIO_L476DMW1K/ARM/simple-mbed-cloud-client/mbed-cloud-client/update-client-hub/source/update_client_hub_state_machine.o
    0x20004208   0x0000002c   Zero   RW        28604    .bss.arm_uc_mmPersistentContext  BUILD/RHOMBIO_L476DMW1K/ARM/simple-mbed-cloud-client/mbed-cloud-client/update-client-hub/modules/manifest-manager/source/arm_uc_mmCommon.o
    0x20004234   0x00000014   Zero   RW        28625    .bss.arm_uc_mmSignatureVerificationContext  BUILD/RHOMBIO_L476DMW1K/ARM/simple-mbed-cloud-client/mbed-cloud-client/update-client-hub/modules/manifest-manager/source/arm_uc_mmCryptoUtils.o
    0x20004248   0x00000004   Zero   RW        28714    .bss.arm_uc_mm_derRecurseDepth  BUILD/RHOMBIO_L476DMW1K/ARM/simple-mbed-cloud-client/mbed-cloud-client/update-client-hub/modules/manifest-manager/source/arm_uc_mmDerManifestParser.o
    0x2000424c   0x00000004   Zero   RW        28380    .bss.arm_uc_monitor_struct  BUILD/RHOMBIO_L476DMW1K/ARM/simple-mbed-cloud-client/mbed-cloud-client/update-client-hub/modules/control-center/source/arm_uc_control_center.o
    0x20004250   0x00000004   Zero   RW        28310    .bss.arm_uc_notificationHandler  BUILD/RHOMBIO_L476DMW1K/ARM/simple-mbed-cloud-client/mbed-cloud-client/update-client-hub/modules/common/source/arm_uc_scheduler.o
    0x20004254   0x00000004   Zero   RW        28952    .bss.arm_uc_pal_flashiap_callback  BUILD/RHOMBIO_L476DMW1K/ARM/simple-mbed-cloud-client/mbed-cloud-client/update-client-hub/modules/pal-flashiap/source/arm_uc_pal_flashiap_implementation.o
    0x20004258   0x00000004   Zero   RW        28381    .bss.arm_uc_progress_callback  BUILD/RHOMBIO_L476DMW1K/ARM/simple-mbed-cloud-client/mbed-cloud-client/update-client-hub/modules/control-center/source/arm_uc_control_center.o
    0x2000425c   0x00000004   Zero   RW        28302    .bss.arm_uc_queue   BUILD/RHOMBIO_L476DMW1K/ARM/simple-mbed-cloud-client/mbed-cloud-client/update-client-hub/modules/common/source/arm_uc_scheduler.o
    0x20004260   0x00000004   Zero   RW        29104    .bss.arm_uc_sources  BUILD/RHOMBIO_L476DMW1K/ARM/simple-mbed-cloud-client/mbed-cloud-client/update-client-hub/source/update_client_hub.o
    0x20004264   0x00000001   Zero   RW        29103    .bss.arm_uc_sources_size  BUILD/RHOMBIO_L476DMW1K/ARM/simple-mbed-cloud-client/mbed-cloud-client/update-client-hub/source/update_client_hub.o
    0x20004265   0x00000003   PAD
    0x20004268   0x00000010   Zero   RW        28385    .bss.arm_uccc_authorize_callback  BUILD/RHOMBIO_L476DMW1K/ARM/simple-mbed-cloud-client/mbed-cloud-client/update-client-hub/modules/control-center/source/arm_uc_control_center.o
    0x20004278   0x00000004   Zero   RW        28379    .bss.arm_uccc_event_handler  BUILD/RHOMBIO_L476DMW1K/ARM/simple-mbed-cloud-client/mbed-cloud-client/update-client-hub/modules/control-center/source/arm_uc_control_center.o
    0x2000427c   0x00000010   Zero   RW        28387    .bss.arm_uccc_monitor_callback  BUILD/RHOMBIO_L476DMW1K/ARM/simple-mbed-cloud-client/mbed-cloud-client/update-client-hub/modules/control-center/source/arm_uc_control_center.o
    0x2000428c   0x00000010   Zero   RW        28386    .bss.arm_uccc_override_callback  BUILD/RHOMBIO_L476DMW1K/ARM/simple-mbed-cloud-client/mbed-cloud-client/update-client-hub/modules/control-center/source/arm_uc_control_center.o
    0x2000429c   0x00000010   Zero   RW        29052    .bss.async_retry_timer_callback_struct  BUILD/RHOMBIO_L476DMW1K/ARM/simple-mbed-cloud-client/mbed-cloud-client/update-client-hub/modules/source-manager/source/arm_uc_source_manager.o
    0x200042ac   0x00000004   Zero   RW        29051    .bss.async_retry_timer_id  BUILD/RHOMBIO_L476DMW1K/ARM/simple-mbed-cloud-client/mbed-cloud-client/update-client-hub/modules/source-manager/source/arm_uc_source_manager.o
    0x200042b0   0x00000004   Zero   RW        28454    .bss.back_buffer    BUILD/RHOMBIO_L476DMW1K/ARM/simple-mbed-cloud-client/mbed-cloud-client/update-client-hub/modules/firmware-manager/source/arm_uc_firmware_manager.o
    0x200042b4   0x00000004   Zero   RW           25    .bss.bd             BUILD/RHOMBIO_L476DMW1K/ARM/main.o
    0x200042b8   0x00000050   Zero   RW           28    .bss.button         BUILD/RHOMBIO_L476DMW1K/ARM/main.o
    0x20004308   0x00000010   Zero   RW        28306    .bss.callback_failed_take_error_callback  BUILD/RHOMBIO_L476DMW1K/ARM/simple-mbed-cloud-client/mbed-cloud-client/update-client-hub/modules/common/source/arm_uc_scheduler.o
    0x20004318   0x00000010   Zero   RW        28305    .bss.callback_pool_exhausted_error_callback  BUILD/RHOMBIO_L476DMW1K/ARM/simple-mbed-cloud-client/mbed-cloud-client/update-client-hub/modules/common/source/arm_uc_scheduler.o
    0x20004328   0x00000004   Zero   RW        28304    .bss.callback_pool_root  BUILD/RHOMBIO_L476DMW1K/ARM/simple-mbed-cloud-client/mbed-cloud-client/update-client-hub/modules/common/source/arm_uc_scheduler.o
    0x2000432c   0x00000200   Zero   RW        28303    .bss.callback_pool_storage  BUILD/RHOMBIO_L476DMW1K/ARM/simple-mbed-cloud-client/mbed-cloud-client/update-client-hub/modules/common/source/arm_uc_scheduler.o
    0x2000452c   0x00000004   Zero   RW        28308    .bss.callbacks_pending  BUILD/RHOMBIO_L476DMW1K/ARM/simple-mbed-cloud-client/mbed-cloud-client/update-client-hub/modules/common/source/arm_uc_scheduler.o
    0x20004530   0x00000004   Zero   RW        22936    .bss.can_irq_ids    BUILD/RHOMBIO_L476DMW1K/ARM/mbed-os/targets/TARGET_STM/can_api.o
    0x20004534   0x00000214   Zero   RW        22976    .bss.channels       BUILD/RHOMBIO_L476DMW1K/ARM/mbed-os/targets/TARGET_STM/gpio_irq_api.o
    0x20004748   0x00000008   Zero   RW        28455    .bss.cipherHandle   BUILD/RHOMBIO_L476DMW1K/ARM/simple-mbed-cloud-client/mbed-cloud-client/update-client-hub/modules/firmware-manager/source/arm_uc_firmware_manager.o
    0x20004750   0x00000001   Zero   RW        18251    .bss.critical_interrupts_enabled  BUILD/RHOMBIO_L476DMW1K/ARM/mbed-os/hal/mbed_critical_section_api.o
    0x20004751   0x00000003   PAD
    0x20004754   0x0000001c   Zero   RW         7986    .bss.critical_mutex  BUILD/RHOMBIO_L476DMW1K/ARM/mbed-os/features/nanostack/nanostack-hal-mbed-cmsis-rtos/arm_hal_interrupt.o
    0x20004770   0x00000004   Zero   RW         7983    .bss.critical_mutex_id  BUILD/RHOMBIO_L476DMW1K/ARM/mbed-os/features/nanostack/nanostack-hal-mbed-cmsis-rtos/arm_hal_interrupt.o
    0x20004774   0x00000004   Zero   RW        18661    .bss.critical_section_reentrancy_counter  BUILD/RHOMBIO_L476DMW1K/ARM/mbed-os/platform/mbed_critical.o
    0x20004778   0x00000001   Zero   RW         8223    .bss.curr_tasklet   BUILD/RHOMBIO_L476DMW1K/ARM/mbed-os/features/nanostack/sal-stack-nanostack-eventloop/source/event.o
    0x20004779   0x00000001   PAD
    0x2000477a   0x00000002   Zero   RW        18992    .bss.deep_sleep_lock  BUILD/RHOMBIO_L476DMW1K/ARM/mbed-os/platform/mbed_sleep_manager.o
    0x2000477c   0x00000004   Zero   RW         3830    .bss.default_book   BUILD/RHOMBIO_L476DMW1K/ARM/mbed-os/features/frameworks/nanostack-libservice/source/nsdynmemLIB/nsdynmemLIB.o
    0x20004780   0x00000002   Zero   RW         6445    .bss.ecp_supported_grp_id  BUILD/RHOMBIO_L476DMW1K/ARM/mbed-os/features/mbedtls/src/ecp.o
    0x20004782   0x00000002   PAD
    0x20004784   0x00000004   Zero   RW        18706    .bss.error_count    BUILD/RHOMBIO_L476DMW1K/ARM/mbed-os/platform/mbed_error.o
    0x20004788   0x00000004   Zero   RW        18707    .bss.error_hook     BUILD/RHOMBIO_L476DMW1K/ARM/mbed-os/platform/mbed_error.o
    0x2000478c   0x00000001   Zero   RW        18703    .bss.error_in_progress  BUILD/RHOMBIO_L476DMW1K/ARM/mbed-os/platform/mbed_error.o
    0x2000478d   0x00000001   Zero   RW        24849    .bss.esfs_initialize  BUILD/RHOMBIO_L476DMW1K/ARM/simple-mbed-cloud-client/mbed-cloud-client/factory-configurator-client/mbed-client-esfs/source/esfs.o
    0x2000478e   0x00000002   PAD
    0x20004790   0x0000005c   Zero   RW           37    .bss.eventQueue     BUILD/RHOMBIO_L476DMW1K/ARM/main.o
    0x200047ec   0x00000004   Zero   RW        29045    .bss.event_cb       BUILD/RHOMBIO_L476DMW1K/ARM/simple-mbed-cloud-client/mbed-cloud-client/update-client-hub/modules/source-manager/source/arm_uc_source_manager.o
    0x200047f0   0x00000010   Zero   RW        29049    .bss.event_cb_storage  BUILD/RHOMBIO_L476DMW1K/ARM/simple-mbed-cloud-client/mbed-cloud-client/update-client-hub/modules/source-manager/source/arm_uc_source_manager.o
    0x20004800   0x0000001c   Zero   RW         8045    .bss.event_mutex    BUILD/RHOMBIO_L476DMW1K/ARM/mbed-os/features/nanostack/nanostack-hal-mbed-cmsis-rtos/ns_event_loop_mutex.o
    0x2000481c   0x00000004   Zero   RW         8040    .bss.event_mutex_id  BUILD/RHOMBIO_L476DMW1K/ARM/mbed-os/features/nanostack/nanostack-hal-mbed-cmsis-rtos/ns_event_loop_mutex.o
    0x20004820   0x00000004   Zero   RW         8042    .bss.event_mutex_owner_id  BUILD/RHOMBIO_L476DMW1K/ARM/mbed-os/features/nanostack/nanostack-hal-mbed-cmsis-rtos/ns_event_loop_mutex.o
    0x20004824   0x00000004   Zero   RW         8025    .bss.event_thread_id  BUILD/RHOMBIO_L476DMW1K/ARM/mbed-os/features/nanostack/nanostack-hal-mbed-cmsis-rtos/ns_event_loop.o
    0x20004828   0x00001800   Zero   RW         8029    .bss.event_thread_stk  BUILD/RHOMBIO_L476DMW1K/ARM/mbed-os/features/nanostack/nanostack-hal-mbed-cmsis-rtos/ns_event_loop.o
    0x20006028   0x00000044   Zero   RW         8028    .bss.event_thread_tcb  BUILD/RHOMBIO_L476DMW1K/ARM/mbed-os/features/nanostack/nanostack-hal-mbed-cmsis-rtos/ns_event_loop.o
    0x2000606c   0x00000004   PAD
    0x20006070   0x00000040   Zero   RW        18369    .bss.events         BUILD/RHOMBIO_L476DMW1K/ARM/mbed-os/hal/mbed_us_ticker_api.o
    0x200060b0   0x00000054   Zero   RW          112    .bss.fault_context  BUILD/RHOMBIO_L476DMW1K/ARM/mbed-os/cmsis/TARGET_CORTEX_M/mbed_fault_handler.o
    0x20006104   0x00000004   Zero   RW        29145    .bss.firmware_offset  BUILD/RHOMBIO_L476DMW1K/ARM/simple-mbed-cloud-client/mbed-cloud-client/update-client-hub/source/update_client_hub_state_machine.o
    0x20006108   0x00000034   Zero   RW        18705    .bss.first_error_ctx  BUILD/RHOMBIO_L476DMW1K/ARM/mbed-os/platform/mbed_error.o
    0x2000613c   0x00000004   PAD
    0x20006140   0x00000010   Zero   RW        28971    .bss.flash          BUILD/RHOMBIO_L476DMW1K/ARM/simple-mbed-cloud-client/mbed-cloud-client/update-client-hub/modules/pal-flashiap/source/arm_uc_pal_flashiap_mbed.o
    0x20006150   0x00000004   Zero   RW        25386    .bss.flashSem       BUILD/RHOMBIO_L476DMW1K/ARM/simple-mbed-cloud-client/mbed-cloud-client/mbed-client-pal/Source/PAL-Impl/Modules/Storage/Flash/pal_internalFlash.o
    0x20006154   0x00000010   Zero   RW        24889    .bss.flash_area_params  BUILD/RHOMBIO_L476DMW1K/ARM/simple-mbed-cloud-client/mbed-cloud-client/factory-configurator-client/mbed-client-esfs/source/sotp/sotp.o
    0x20006164   0x00000004   PAD
    0x20006168   0x00000004   Zero   RW        24895    .bss.free_space_offset  BUILD/RHOMBIO_L476DMW1K/ARM/simple-mbed-cloud-client/mbed-cloud-client/factory-configurator-client/mbed-client-esfs/source/sotp/sotp.o
    0x2000616c   0x00000004   Zero   RW        28452    .bss.front_buffer   BUILD/RHOMBIO_L476DMW1K/ARM/simple-mbed-cloud-client/mbed-cloud-client/update-client-hub/modules/firmware-manager/source/arm_uc_firmware_manager.o
    0x20006170   0x000000c8   Zero   RW           27    .bss.fs             BUILD/RHOMBIO_L476DMW1K/ARM/main.o
    0x20006238   0x00000300   Zero   RW        29141    .bss.fwinfo         BUILD/RHOMBIO_L476DMW1K/ARM/simple-mbed-cloud-client/mbed-cloud-client/update-client-hub/source/update_client_hub_state_machine.o
    0x20006538   0x00000008   Zero   RW        25365    .bss.g_RootFolder   BUILD/RHOMBIO_L476DMW1K/ARM/simple-mbed-cloud-client/mbed-cloud-client/mbed-client-pal/Source/PAL-Impl/Modules/Storage/FileSystem/pal_fileSystem.o
    0x20006540   0x00000002   Zero   RW        25366    .bss.g_RootFolderIsSet  BUILD/RHOMBIO_L476DMW1K/ARM/simple-mbed-cloud-client/mbed-cloud-client/mbed-client-pal/Source/PAL-Impl/Modules/Storage/FileSystem/pal_fileSystem.o
    0x20006542   0x00000002   PAD
    0x20006544   0x00000004   Zero   RW        25767    .bss.g_entropy      BUILD/RHOMBIO_L476DMW1K/ARM/simple-mbed-cloud-client/mbed-cloud-client/mbed-client-pal/Source/Port/Reference-Impl/Lib_Specific/mbedTLS/TLS/pal_plat_TLS.o
    0x20006548   0x00000001   Zero   RW        25768    .bss.g_entropyInitiated  BUILD/RHOMBIO_L476DMW1K/ARM/simple-mbed-cloud-client/mbed-cloud-client/mbed-client-pal/Source/Port/Reference-Impl/Lib_Specific/mbedTLS/TLS/pal_plat_TLS.o
    0x20006549   0x00000001   Zero   RW        24484    .bss.g_is_fcc_initialized  BUILD/RHOMBIO_L476DMW1K/ARM/simple-mbed-cloud-client/mbed-cloud-client/factory-configurator-client/factory-configurator-client/source/factory_configurator_client.o
    0x2000654a   0x00000001   Zero   RW        24790    .bss.g_kcm_initialized  BUILD/RHOMBIO_L476DMW1K/ARM/simple-mbed-cloud-client/mbed-cloud-client/factory-configurator-client/key-config-manager/source/key_config_manager.o
    0x2000654b   0x00000001   PAD
    0x2000654c   0x00000040   Zero   RW        25529    .bss.g_noise        BUILD/RHOMBIO_L476DMW1K/ARM/simple-mbed-cloud-client/mbed-cloud-client/mbed-client-pal/Source/Port/Reference-Impl/Generic/DRBG/pal_plat_drbg_noise.o
    0x2000658c   0x00000010   Zero   RW        24664    .bss.g_output_info  BUILD/RHOMBIO_L476DMW1K/ARM/simple-mbed-cloud-client/mbed-cloud-client/factory-configurator-client/fcc-output-info-handler/source/fcc_output_info_handler.o
    0x2000659c   0x00000001   Zero   RW        25508    .bss.g_palDRBGInitialized  BUILD/RHOMBIO_L476DMW1K/ARM/simple-mbed-cloud-client/mbed-cloud-client/mbed-client-pal/Source/Port/Reference-Impl/Generic/DRBG/SOTP/pal_plat_drbg_sotp.o
    0x2000659d   0x00000003   PAD
    0x200065a0   0x00000008   Zero   RW        25556    .bss.g_palDeviceBootTimeInSec  BUILD/RHOMBIO_L476DMW1K/ARM/simple-mbed-cloud-client/mbed-cloud-client/mbed-client-pal/Source/Port/Reference-Impl/Generic/Time/pal_plat_time.o
    0x200065a8   0x00000004   Zero   RW        25500    .bss.g_palIntialized  BUILD/RHOMBIO_L476DMW1K/ARM/simple-mbed-cloud-client/mbed-cloud-client/mbed-client-pal/Source/PAL-Impl/pal_init.o
    0x200065ac   0x00000001   Zero   RW        25528    .bss.g_palNoiseInitialized  BUILD/RHOMBIO_L476DMW1K/ARM/simple-mbed-cloud-client/mbed-cloud-client/mbed-client-pal/Source/Port/Reference-Impl/Generic/DRBG/pal_plat_drbg_noise.o
    0x200065ad   0x00000003   PAD
    0x200065b0   0x00000004   Zero   RW        25432    .bss.g_palTLSHandshakeMutex  BUILD/RHOMBIO_L476DMW1K/ARM/simple-mbed-cloud-client/mbed-cloud-client/mbed-client-pal/Source/PAL-Impl/Modules/TLS/pal_TLS.o
    0x200065b4   0x00000004   Zero   RW        25769    .bss.g_palTLSTimeMutex  BUILD/RHOMBIO_L476DMW1K/ARM/simple-mbed-cloud-client/mbed-cloud-client/mbed-client-pal/Source/Port/Reference-Impl/Lib_Specific/mbedTLS/TLS/pal_plat_TLS.o
    0x200065b8   0x00000004   Zero   RW        24933    .bss.g_pv_logger_mutex  BUILD/RHOMBIO_L476DMW1K/ARM/simple-mbed-cloud-client/mbed-cloud-client/factory-configurator-client/mbed-trace-helper/source/mbed-trace-helper.o
    0x200065bc   0x00000004   Zero   RW        25771    .bss.g_timeFromHS   BUILD/RHOMBIO_L476DMW1K/ARM/simple-mbed-cloud-client/mbed-cloud-client/mbed-client-pal/Source/Port/Reference-Impl/Lib_Specific/mbedTLS/TLS/pal_plat_TLS.o
    0x200065c0   0x00000004   Zero   RW        25530    .bss.g_trngThreadID  BUILD/RHOMBIO_L476DMW1K/ARM/simple-mbed-cloud-client/mbed-cloud-client/mbed-client-pal/Source/Port/Reference-Impl/Generic/DRBG/pal_plat_drbg_noise.o
    0x200065c4   0x00000001   Zero   RW        25434    .bss.g_trustedServerValid  BUILD/RHOMBIO_L476DMW1K/ARM/simple-mbed-cloud-client/mbed-cloud-client/mbed-client-pal/Source/PAL-Impl/Modules/TLS/pal_TLS.o
    0x200065c5   0x00000001   Zero   RW        18708    .bss.halt_in_progress  BUILD/RHOMBIO_L476DMW1K/ARM/mbed-os/platform/mbed_error.o
    0x200065c6   0x00000001   Zero   RW        29140    .bss.init_cb_called  BUILD/RHOMBIO_L476DMW1K/ARM/simple-mbed-cloud-client/mbed-cloud-client/update-client-hub/source/update_client_hub_state_machine.o
    0x200065c7   0x00000001   Zero   RW        24896    .bss.init_done      BUILD/RHOMBIO_L476DMW1K/ARM/simple-mbed-cloud-client/mbed-cloud-client/factory-configurator-client/mbed-client-esfs/source/sotp/sotp.o
    0x200065c8   0x00000004   Zero   RW        22871    .bss.irq_handler    BUILD/RHOMBIO_L476DMW1K/ARM/mbed-os/targets/TARGET_STM/TARGET_STM32L4/serial_device.o
    0x200065cc   0x00000004   Zero   RW        22935    .bss.irq_handler    BUILD/RHOMBIO_L476DMW1K/ARM/mbed-os/targets/TARGET_STM/can_api.o
    0x200065d0   0x00000004   Zero   RW        22977    .bss.irq_handler    BUILD/RHOMBIO_L476DMW1K/ARM/mbed-os/targets/TARGET_STM/gpio_irq_api.o
    0x200065d4   0x00000034   Zero   RW        18704    .bss.last_error_ctx  BUILD/RHOMBIO_L476DMW1K/ARM/mbed-os/platform/mbed_error.o
    0x20006608   0x0000001c   Zero   RW           29    .bss.led            BUILD/RHOMBIO_L476DMW1K/ARM/main.o
    0x20006624   0x00000004   PAD
    0x20006628   0x00000400   Zero   RW        29130    .bss.manifestManagerContext  BUILD/RHOMBIO_L476DMW1K/ARM/simple-mbed-cloud-client/mbed-cloud-client/update-client-hub/source/update_client_hub_state_machine.o
    0x20006a28   0x00000004   Zero   RW        18921    .bss.mbed_heap_size  BUILD/RHOMBIO_L476DMW1K/ARM/mbed-os/platform/mbed_retarget.o
    0x20006a2c   0x00000004   Zero   RW        18920    .bss.mbed_heap_start  BUILD/RHOMBIO_L476DMW1K/ARM/mbed-os/platform/mbed_retarget.o
    0x20006a30   0x00000004   Zero   RW        23098    .bss.mbed_sdk_inited  BUILD/RHOMBIO_L476DMW1K/ARM/mbed-os/targets/TARGET_STM/mbed_overrides.o
    0x20006a34   0x00000004   Zero   RW        19180    .bss.mbed_stack_isr_size  BUILD/RHOMBIO_L476DMW1K/ARM/mbed-os/rtos/TARGET_CORTEX/mbed_boot.o
    0x20006a38   0x00000004   Zero   RW        19179    .bss.mbed_stack_isr_start  BUILD/RHOMBIO_L476DMW1K/ARM/mbed-os/rtos/TARGET_CORTEX/mbed_boot.o
    0x20006a3c   0x00000001   Zero   RW         6444    .bss.mbedtls_ecp_grp_id_list.init_done  BUILD/RHOMBIO_L476DMW1K/ARM/mbed-os/features/mbedtls/src/ecp.o
    0x20006a3d   0x00000003   PAD
    0x20006a40   0x00000030   Zero   RW         5950    .bss.mbedtls_mutex  BUILD/RHOMBIO_L476DMW1K/ARM/mbed-os/features/mbedtls/platform/src/mbed_trng.o
    0x20006a70   0x00000004   Zero   RW        28449    .bss.mdHandle       BUILD/RHOMBIO_L476DMW1K/ARM/simple-mbed-cloud-client/mbed-cloud-client/update-client-hub/modules/firmware-manager/source/arm_uc_firmware_manager.o
    0x20006a74   0x00000002   Zero   RW        18758    .bss.mem_wn_lock    BUILD/RHOMBIO_L476DMW1K/ARM/mbed-os/platform/mbed_mpu_mgmt.o
    0x20006a76   0x00000002   Zero   RW        18756    .bss.mem_xn_lock    BUILD/RHOMBIO_L476DMW1K/ARM/mbed-os/platform/mbed_mpu_mgmt.o
    0x20006a78   0x00000400   Zero   RW        29146    .bss.message        BUILD/RHOMBIO_L476DMW1K/ARM/simple-mbed-cloud-client/mbed-cloud-client/update-client-hub/source/update_client_hub_state_machine.o
    0x20006e78   0x00000400   Zero   RW        29147    .bss.message2       BUILD/RHOMBIO_L476DMW1K/ARM/simple-mbed-cloud-client/mbed-cloud-client/update-client-hub/source/update_client_hub_state_machine.o
    0x20007278   0x00000002   Zero   RW         3646    .bss.message_id     BUILD/RHOMBIO_L476DMW1K/ARM/mbed-os/features/frameworks/mbed-coap/source/sn_coap_protocol.o
    0x2000727a   0x00000002   PAD
    0x2000727c   0x00000004   Zero   RW        24890    .bss.min_prog_size  BUILD/RHOMBIO_L476DMW1K/ARM/simple-mbed-cloud-client/mbed-cloud-client/factory-configurator-client/mbed-client-esfs/source/sotp/sotp.o
    0x20007280   0x00000080   Zero   RW           38    .bss.modem          BUILD/RHOMBIO_L476DMW1K/ARM/main.o
    0x20007300   0x00000004   Zero   RW           24    .bss.net            BUILD/RHOMBIO_L476DMW1K/ARM/main.o
    0x20007304   0x00000001   Zero   RW         8049    .bss.ns_hal_init.initted  BUILD/RHOMBIO_L476DMW1K/ARM/mbed-os/features/nanostack/nanostack-hal-mbed-cmsis-rtos/ns_hal_init.o
    0x20007305   0x00000001   Zero   RW         8255    .bss.ns_timer_initialized  BUILD/RHOMBIO_L476DMW1K/ARM/mbed-os/features/nanostack/sal-stack-nanostack-eventloop/source/ns_timer.o
    0x20007306   0x00000001   Zero   RW         8257    .bss.ns_timer_state  BUILD/RHOMBIO_L476DMW1K/ARM/mbed-os/features/nanostack/sal-stack-nanostack-eventloop/source/ns_timer.o
    0x20007307   0x00000001   PAD
    0x20007308   0x00000004   Zero   RW        29053    .bss.num_busy_retries  BUILD/RHOMBIO_L476DMW1K/ARM/simple-mbed-cloud-client/mbed-cloud-client/update-client-hub/modules/source-manager/source/arm_uc_source_manager.o
    0x2000730c   0x00000040   Zero   RW        24893    .bss.offset_by_type  BUILD/RHOMBIO_L476DMW1K/ARM/simple-mbed-cloud-client/mbed-cloud-client/factory-configurator-client/mbed-client-esfs/source/sotp/sotp.o
    0x2000734c   0x00000040   Zero   RW        19410    .bss.os             BUILD/RHOMBIO_L476DMW1K/ARM/mbed-os/rtos/TARGET_CORTEX/rtx5/RTX/Source/rtx_lib.o
    0x2000738c   0x000001f0   Zero   RW        19164    .bss.os.libspace    BUILD/RHOMBIO_L476DMW1K/ARM/mbed-os/rtos/TARGET_CORTEX/TOOLCHAIN_ARM_STD/mbed_boot_arm_std.o
    0x2000757c   0x00000034   Zero   RW        19420    .bss.os.msgqueue.cb  BUILD/RHOMBIO_L476DMW1K/ARM/mbed-os/rtos/TARGET_CORTEX/rtx5/RTX/Source/rtx_lib.o
    0x200075b0   0x00000050   Zero   RW        19421    .bss.os.msgqueue.mem  BUILD/RHOMBIO_L476DMW1K/ARM/mbed-os/rtos/TARGET_CORTEX/rtx5/RTX/Source/rtx_lib.o
    0x20007600   0x00000044   Zero   RW        19190    .bss.os.thread.cb   BUILD/RHOMBIO_L476DMW1K/ARM/mbed-os/rtos/TARGET_CORTEX/mbed_rtos_rtx.o
    0x20007644   0x00000088   Zero   RW        19418    .bss.os.thread.cb   BUILD/RHOMBIO_L476DMW1K/ARM/mbed-os/rtos/TARGET_CORTEX/rtx5/RTX/Source/rtx_lib.o
    0x200076cc   0x00000004   PAD
    0x200076d0   0x00000500   Zero   RW        19419    .bss.os.thread.stack  BUILD/RHOMBIO_L476DMW1K/ARM/mbed-os/rtos/TARGET_CORTEX/rtx5/RTX/Source/rtx_lib.o
    0x20007bd0   0x00000001   Zero   RW        19167    .bss.os_kernel_is_active.os_kernel_active  BUILD/RHOMBIO_L476DMW1K/ARM/mbed-os/rtos/TARGET_CORTEX/TOOLCHAIN_ARM_STD/mbed_boot_arm_std.o
    0x20007bd1   0x00000003   PAD
    0x20007bd4   0x00000004   Zero   RW         8041    .bss.owner_count    BUILD/RHOMBIO_L476DMW1K/ARM/mbed-os/features/nanostack/nanostack-hal-mbed-cmsis-rtos/ns_event_loop_mutex.o
    0x20007bd8   0x00000020   Zero   RW        20485    .bss.pFlash         BUILD/RHOMBIO_L476DMW1K/ARM/mbed-os/targets/TARGET_STM/TARGET_STM32L4/device/stm32l4xx_hal_flash.o
    0x20007bf8   0x00000004   Zero   RW        28832    .bss.paal_update_implementation  BUILD/RHOMBIO_L476DMW1K/ARM/simple-mbed-cloud-client/mbed-cloud-client/update-client-hub/modules/paal/source/arm_uc_paal_update.o
    0x20007bfc   0x00000004   Zero   RW        28451    .bss.package_configuration  BUILD/RHOMBIO_L476DMW1K/ARM/simple-mbed-cloud-client/mbed-cloud-client/update-client-hub/modules/firmware-manager/source/arm_uc_firmware_manager.o
    0x20007c00   0x00000004   Zero   RW        28450    .bss.package_offset  BUILD/RHOMBIO_L476DMW1K/ARM/simple-mbed-cloud-client/mbed-cloud-client/update-client-hub/modules/firmware-manager/source/arm_uc_firmware_manager.o
    0x20007c04   0x00000004   Zero   RW        24897    .bss.page_buf       BUILD/RHOMBIO_L476DMW1K/ARM/simple-mbed-cloud-client/mbed-cloud-client/factory-configurator-client/mbed-client-esfs/source/sotp/sotp.o
    0x20007c08   0x00000001   Zero   RW        25328    .bss.palRTOSInitialized  BUILD/RHOMBIO_L476DMW1K/ARM/simple-mbed-cloud-client/mbed-cloud-client/mbed-client-pal/Source/PAL-Impl/Modules/RTOS/pal_rtos.o
    0x20007c09   0x00000003   PAD
    0x20007c0c   0x00000004   Zero   RW        28859    .bss.pal_blockdevice_event_handler  BUILD/RHOMBIO_L476DMW1K/ARM/simple-mbed-cloud-client/mbed-cloud-client/update-client-hub/modules/pal-blockdevice/source/arm_uc_pal_blockdevice_implementation.o
    0x20007c10   0x00000004   Zero   RW        28860    .bss.pal_blockdevice_firmware_size  BUILD/RHOMBIO_L476DMW1K/ARM/simple-mbed-cloud-client/mbed-cloud-client/update-client-hub/modules/pal-blockdevice/source/arm_uc_pal_blockdevice_implementation.o
    0x20007c14   0x00000004   Zero   RW        28858    .bss.pal_blockdevice_hdr_size  BUILD/RHOMBIO_L476DMW1K/ARM/simple-mbed-cloud-client/mbed-cloud-client/update-client-hub/modules/pal-blockdevice/source/arm_uc_pal_blockdevice_implementation.o
    0x20007c18   0x00000004   Zero   RW        28856    .bss.pal_blockdevice_page_size  BUILD/RHOMBIO_L476DMW1K/ARM/simple-mbed-cloud-client/mbed-cloud-client/update-client-hub/modules/pal-blockdevice/source/arm_uc_pal_blockdevice_implementation.o
    0x20007c1c   0x00000004   Zero   RW        28857    .bss.pal_blockdevice_sector_size  BUILD/RHOMBIO_L476DMW1K/ARM/simple-mbed-cloud-client/mbed-cloud-client/update-client-hub/modules/pal-blockdevice/source/arm_uc_pal_blockdevice_implementation.o
    0x20007c20   0x00000008   Zero   RW        25330    .bss.pal_osKernelSysTick.lastValue  BUILD/RHOMBIO_L476DMW1K/ARM/simple-mbed-cloud-client/mbed-cloud-client/mbed-client-pal/Source/PAL-Impl/Modules/RTOS/pal_rtos.o
    0x20007c28   0x00000008   Zero   RW        25331    .bss.pal_osKernelSysTick.wraparoundsDetected  BUILD/RHOMBIO_L476DMW1K/ARM/simple-mbed-cloud-client/mbed-cloud-client/mbed-client-pal/Source/PAL-Impl/Modules/RTOS/pal_rtos.o
    0x20007c30   0x00000004   Zero   RW        25531    .bss.pal_plat_noiseRead.numOfNoiseReaders  BUILD/RHOMBIO_L476DMW1K/ARM/simple-mbed-cloud-client/mbed-cloud-client/mbed-client-pal/Source/Port/Reference-Impl/Generic/DRBG/pal_plat_drbg_noise.o
    0x20007c34   0x00000010   Zero   RW        28307    .bss.plugin_error_callback  BUILD/RHOMBIO_L476DMW1K/ARM/simple-mbed-cloud-client/mbed-cloud-client/update-client-hub/modules/common/source/arm_uc_scheduler.o
    0x20007c44   0x00000004   Zero   RW        28309    .bss.plugin_error_pending  BUILD/RHOMBIO_L476DMW1K/ARM/simple-mbed-cloud-client/mbed-cloud-client/update-client-hub/modules/common/source/arm_uc_scheduler.o
    0x20007c48   0x00000001   Zero   RW        28456    .bss.ready_to_receive  BUILD/RHOMBIO_L476DMW1K/ARM/simple-mbed-cloud-client/mbed-cloud-client/update-client-hub/modules/firmware-manager/source/arm_uc_firmware_manager.o
    0x20007c49   0x00000003   PAD
    0x20007c4c   0x00000018   Zero   RW        29047    .bss.request_in_flight  BUILD/RHOMBIO_L476DMW1K/ARM/simple-mbed-cloud-client/mbed-cloud-client/update-client-hub/modules/source-manager/source/arm_uc_source_manager.o
    0x20007c64   0x00000004   Zero   RW           35    .bss.res_adc_temp   BUILD/RHOMBIO_L476DMW1K/ARM/main.o
    0x20007c68   0x00000004   Zero   RW           36    .bss.res_adc_voltage  BUILD/RHOMBIO_L476DMW1K/ARM/main.o
    0x20007c6c   0x00000004   Zero   RW           33    .bss.res_button     BUILD/RHOMBIO_L476DMW1K/ARM/main.o
    0x20007c70   0x00000004   Zero   RW           34    .bss.res_led        BUILD/RHOMBIO_L476DMW1K/ARM/main.o
    0x20007c74   0x00000004   Zero   RW        25510    .bss.s_ctrDRBGCtx   BUILD/RHOMBIO_L476DMW1K/ARM/simple-mbed-cloud-client/mbed-cloud-client/mbed-client-pal/Source/Port/Reference-Impl/Generic/DRBG/SOTP/pal_plat_drbg_sotp.o
    0x20007c78   0x00000004   Zero   RW        28311    .bss.scheduler_error_cb  BUILD/RHOMBIO_L476DMW1K/ARM/simple-mbed-cloud-client/mbed-cloud-client/update-client-hub/modules/common/source/arm_uc_scheduler.o
    0x20007c7c   0x00000004   PAD
    0x20007c80   0x00000028   Zero   RW           26    .bss.sd             BUILD/RHOMBIO_L476DMW1K/ARM/main.o
    0x20007ca8   0x00000018   Zero   RW        22870    .bss.serial_irq_ids  BUILD/RHOMBIO_L476DMW1K/ARM/mbed-os/targets/TARGET_STM/TARGET_STM32L4/serial_device.o
    0x20007cc0   0x00000010   Zero   RW        19186    .bss.singleton_mutex_attr  BUILD/RHOMBIO_L476DMW1K/ARM/mbed-os/rtos/TARGET_CORTEX/mbed_rtos_rtx.o
    0x20007cd0   0x00000004   Zero   RW        19191    .bss.singleton_mutex_id  BUILD/RHOMBIO_L476DMW1K/ARM/mbed-os/rtos/TARGET_CORTEX/mbed_rtos_rtx.o
    0x20007cd4   0x0000001c   Zero   RW        19187    .bss.singleton_mutex_obj  BUILD/RHOMBIO_L476DMW1K/ARM/mbed-os/rtos/TARGET_CORTEX/mbed_rtos_rtx.o
    0x20007cf0   0x00000028   Zero   RW        29046    .bss.source_registry  BUILD/RHOMBIO_L476DMW1K/ARM/simple-mbed-cloud-client/mbed-cloud-client/update-client-hub/modules/source-manager/source/arm_uc_source_manager.o
    0x20007d18   0x00000118   Zero   RW         8227    .bss.startup_event_pool  BUILD/RHOMBIO_L476DMW1K/ARM/mbed-os/features/nanostack/sal-stack-nanostack-eventloop/source/event.o
    0x20007e30   0x000000d8   Zero   RW         8294    .bss.startup_sys_timer_pool  BUILD/RHOMBIO_L476DMW1K/ARM/mbed-os/features/nanostack/sal-stack-nanostack-eventloop/source/system_timer.o
    0x20007f08   0x00000008   Zero   RW         3541    .bss.state.0        BUILD/RHOMBIO_L476DMW1K/ARM/mbed-os/features/frameworks/mbed-client-randlib/source/randLIB.o
    0x20007f10   0x00000008   Zero   RW         3542    .bss.state.1        BUILD/RHOMBIO_L476DMW1K/ARM/mbed-os/features/frameworks/mbed-client-randlib/source/randLIB.o
    0x20007f18   0x00000001   Zero   RW        18250    .bss.state_saved    BUILD/RHOMBIO_L476DMW1K/ARM/mbed-os/hal/mbed_critical_section_api.o
    0x20007f19   0x00000003   PAD
    0x20007f1c   0x0000001c   Zero   RW        23219    .bss.stdio_uart     BUILD/RHOMBIO_L476DMW1K/ARM/mbed-os/targets/TARGET_STM/serial_api.o
    0x20007f38   0x00000004   Zero   RW        23217    .bss.stdio_uart_inited  BUILD/RHOMBIO_L476DMW1K/ARM/mbed-os/targets/TARGET_STM/serial_api.o
    0x20007f3c   0x00000001   Zero   RW         7985    .bss.sys_irq_disable_counter  BUILD/RHOMBIO_L476DMW1K/ARM/mbed-os/features/nanostack/nanostack-hal-mbed-cmsis-rtos/arm_hal_interrupt.o
    0x20007f3d   0x00000003   PAD
    0x20007f40   0x00000004   Zero   RW        19223    .bss.terminate_hook  BUILD/RHOMBIO_L476DMW1K/ARM/mbed-os/rtos/TARGET_CORTEX/mbed_rtx_handlers.o
    0x20007f44   0x00000004   Zero   RW         8297    .bss.tick_timer_callback  BUILD/RHOMBIO_L476DMW1K/ARM/mbed-os/features/nanostack/sal-stack-nanostack-eventloop/source/system_timer.o
    0x20007f48   0x00000004   Zero   RW        23316    .bss.timer_ccr1_reg  BUILD/RHOMBIO_L476DMW1K/ARM/mbed-os/targets/TARGET_STM/us_ticker.o
    0x20007f4c   0x00000004   Zero   RW        23315    .bss.timer_cnt_reg  BUILD/RHOMBIO_L476DMW1K/ARM/mbed-os/targets/TARGET_STM/us_ticker.o
    0x20007f50   0x00000004   Zero   RW        23317    .bss.timer_dier_reg  BUILD/RHOMBIO_L476DMW1K/ARM/mbed-os/targets/TARGET_STM/us_ticker.o
    0x20007f54   0x00000004   Zero   RW         8295    .bss.timer_sys_ticks  BUILD/RHOMBIO_L476DMW1K/ARM/mbed-os/features/nanostack/sal-stack-nanostack-eventloop/source/system_timer.o
    0x20007f58   0x000002d0   Zero   RW        22872    .bss.uart_handlers  BUILD/RHOMBIO_L476DMW1K/ARM/mbed-os/targets/TARGET_STM/TARGET_STM32L4/serial_device.o
    0x20008228   0x00000004   Zero   RW        28447    .bss.ucfm_handler   BUILD/RHOMBIO_L476DMW1K/ARM/simple-mbed-cloud-client/mbed-cloud-client/update-client-hub/modules/firmware-manager/source/arm_uc_firmware_manager.o
    0x2000822c   0x00000004   Zero   RW        29054    .bss.ucsm_last_error.0  BUILD/RHOMBIO_L476DMW1K/ARM/simple-mbed-cloud-client/mbed-cloud-client/update-client-hub/modules/source-manager/source/arm_uc_source_manager.o
    0x20008230   0x00000100   Zero   RW        29148    .bss.uri_buffer     BUILD/RHOMBIO_L476DMW1K/ARM/simple-mbed-cloud-client/mbed-cloud-client/update-client-hub/source/update_client_hub_state_machine.o
    0x20008330   0x00000001   Zero   RW        23287    .bss.users          BUILD/RHOMBIO_L476DMW1K/ARM/mbed-os/targets/TARGET_STM/trng_api.o
    0x20008331   0x00000003   PAD
    0x20008334   0x00000004   Zero   RW        24898    .bss.write_lock     BUILD/RHOMBIO_L476DMW1K/ARM/simple-mbed-cloud-client/mbed-cloud-client/factory-configurator-client/mbed-client-esfs/source/sotp/sotp.o


    Execution Region ARM_LIB_STACK (Base: 0x20017c00, Size: 0x00000400, Max: 0x00000400, ABSOLUTE)

    Base Addr    Size         Type   Attr      Idx    E Section Name        Object

    0x20017c00   0x00000400   Zero   RW            2    ARM_LIB_STACK.bss   anon$$obj.o


==============================================================================

Image component sizes


      Code (inc. data)   RO Data    RW Data    ZI Data      Debug   

    382390      33372      75268        792      33412        604   Object Totals
         0          0         32          0       1280          0   (incl. Generated)
       832          8         22         20        145          0   (incl. Padding)
     23246        872        588         20        392      18596   Library Totals
        46          0          8          0          0          0   (incl. Padding)

==============================================================================


      Code (inc. data)   RO Data    RW Data    ZI Data      Debug   

    405636      34244      75856        812      33804       7512   Grand Totals
    405636      34244      75856        356      33804       7512   ELF Image Totals (compressed)
    405636      34244      75856        356          0          0   ROM Totals

==============================================================================

    Total RO  Size (Code + RO Data)               481492 ( 470.21kB)
    Total RW  Size (RW Data + ZI Data)             34616 (  33.80kB)
    Total ROM Size (Code + RO Data + RW Data)     481848 ( 470.55kB)

==============================================================================

